[INFO] Scanning for projects...
[INFO] 
[INFO] ---------------------< com.spring_food:springfood >---------------------
[INFO] Building springfood 0.0.1-SNAPSHOT
[INFO]   from pom.xml
[INFO] --------------------------------[ jar ]---------------------------------
[INFO] 
[INFO] >>> spring-boot:3.5.3:run (default-cli) > test-compile @ springfood >>>
[INFO] 
[INFO] --- resources:3.3.1:resources (default-resources) @ springfood ---
[INFO] Copying 2 resources from src\main\resources to target\classes
[INFO] Copying 4 resources from src\main\resources to target\classes
[INFO] 
[INFO] --- compiler:3.14.0:compile (default-compile) @ springfood ---
[INFO] Recompiling the module because of changed source code.
[INFO] Compiling 131 source files with javac [debug parameters release 17] to target\classes
[WARNING] /F:/Document/TASC/Backend/springfood/src/main/java/com/spring_food/springfood/dto/response/RegisterResponse.java:[18,20] @Builder will ignore the initializing expression entirely. If you want the initializing expression to serve as default, add @Builder.Default. If it is not supposed to be settable during building, make the field final.
[WARNING] /F:/Document/TASC/Backend/springfood/src/main/java/com/spring_food/springfood/mapper/ProductMapper.java:[20,13] Unmapped target properties: "createdAt, updatedAt, shop, productStatus, orderItems, feedbacks, productCategory, productSales, productCategories, cartItems".
[WARNING] /F:/Document/TASC/Backend/springfood/src/main/java/com/spring_food/springfood/mapper/ProductMapper.java:[24,10] Unmapped target properties: "id, createdAt, updatedAt, shop, productStatus, orderItems, feedbacks, productCategory, productSales, productCategories, cartItems".
[WARNING] /F:/Document/TASC/Backend/springfood/src/main/java/com/spring_food/springfood/mapper/UserMapper.java:[15,10] Unmapped target properties: "id, createdAt, updatedAt, status, dob, avatar, isDeleted, lastLoginAt, phoneVerified, emailVerified, shopMembers, userRoles, orders, addresses, posts, feedbacks, notifications, tokens, bankAccounts, cart, authorities".
[WARNING] /F:/Document/TASC/Backend/springfood/src/main/java/com/spring_food/springfood/mapper/UserMapper.java:[24,10] Unmapped target properties: "id, createdAt, updatedAt, status, dob, avatar, isDeleted, lastLoginAt, phoneVerified, emailVerified, shopMembers, userRoles, orders, addresses, posts, feedbacks, notifications, tokens, bankAccounts, cart, authorities".
[INFO] /F:/Document/TASC/Backend/springfood/src/main/java/com/spring_food/springfood/model/AbstractEntity.java: Some input files use or override a deprecated API.
[INFO] /F:/Document/TASC/Backend/springfood/src/main/java/com/spring_food/springfood/model/AbstractEntity.java: Recompile with -Xlint:deprecation for details.
[INFO] /F:/Document/TASC/Backend/springfood/src/main/java/com/spring_food/springfood/config/VNPayConfig.java: F:\Document\TASC\Backend\springfood\src\main\java\com\spring_food\springfood\config\VNPayConfig.java uses unchecked or unsafe operations.
[INFO] /F:/Document/TASC/Backend/springfood/src/main/java/com/spring_food/springfood/config/VNPayConfig.java: Recompile with -Xlint:unchecked for details.
[INFO] 
[INFO] --- resources:3.3.1:testResources (default-testResources) @ springfood ---
[INFO] skip non existing resourceDirectory F:\Document\TASC\Backend\springfood\src\test\resources
[INFO] 
[INFO] --- compiler:3.14.0:testCompile (default-testCompile) @ springfood ---
[INFO] Recompiling the module because of changed dependency.
[INFO] Compiling 1 source file with javac [debug parameters release 17] to target\test-classes
[INFO] 
[INFO] <<< spring-boot:3.5.3:run (default-cli) < test-compile @ springfood <<<
[INFO] 
[INFO] 
[INFO] --- spring-boot:3.5.3:run (default-cli) @ springfood ---
[INFO] Attaching agents: []
====================================================================
 ,---.               ,--.               ,------.               ,--.
'   .-' ,---. ,--.--.`--',--,--,  ,---. |  .---',---. ,---.  ,-|  |
`.  `-.| .-. ||  .--',--.|      \| .-. ||  `--,| .-. | .-. |' .-. |
.-'    | '-' '|  |   |  ||  ||  |' '-' '|  |`  ' '-' ' '-' '\ `-' |
`-----'|  |-' `--'   `--'`--''--'.`-  / `--'    `---' `---'  `---'
====================================================================
 
Powered by Spring Boot 3.5.3
2025-09-22T09:28:20.047+07:00  INFO 20948 --- [springfood] [  restartedMain] c.s.springfood.SpringfoodApplication     : Starting SpringfoodApplication using Java 23.0.1 with PID 20948 (F:\Document\TASC\Backend\springfood\target\classes started by admin in F:\Document\TASC\Backend\springfood)
2025-09-22T09:28:20.050+07:00  INFO 20948 --- [springfood] [  restartedMain] c.s.springfood.SpringfoodApplication     : No active profile set, falling back to 1 default profile: "default"
2025-09-22T09:28:20.124+07:00  INFO 20948 --- [springfood] [  restartedMain] .e.DevToolsPropertyDefaultsPostProcessor : Devtools property defaults active! Set 'spring.devtools.add-properties' to 'false' to disable
2025-09-22T09:28:20.124+07:00  INFO 20948 --- [springfood] [  restartedMain] .e.DevToolsPropertyDefaultsPostProcessor : For additional web related logging consider setting the 'logging.level.web' property to 'DEBUG'
2025-09-22T09:28:21.699+07:00  INFO 20948 --- [springfood] [  restartedMain] .s.d.r.c.RepositoryConfigurationDelegate : Bootstrapping Spring Data JPA repositories in DEFAULT mode.
2025-09-22T09:28:21.824+07:00  INFO 20948 --- [springfood] [  restartedMain] .s.d.r.c.RepositoryConfigurationDelegate : Finished Spring Data repository scanning in 113 ms. Found 8 JPA repository interfaces.
2025-09-22T09:28:23.021+07:00  INFO 20948 --- [springfood] [  restartedMain] o.s.b.w.embedded.tomcat.TomcatWebServer  : Tomcat initialized with port 8081 (http)
2025-09-22T09:28:23.047+07:00  INFO 20948 --- [springfood] [  restartedMain] o.apache.catalina.core.StandardService   : Starting service [Tomcat]
2025-09-22T09:28:23.048+07:00  INFO 20948 --- [springfood] [  restartedMain] o.apache.catalina.core.StandardEngine    : Starting Servlet engine: [Apache Tomcat/10.1.42]
2025-09-22T09:28:23.124+07:00  INFO 20948 --- [springfood] [  restartedMain] o.a.c.c.C.[Tomcat].[localhost].[/]       : Initializing Spring embedded WebApplicationContext
2025-09-22T09:28:23.125+07:00  INFO 20948 --- [springfood] [  restartedMain] w.s.c.ServletWebServerApplicationContext : Root WebApplicationContext: initialization completed in 2999 ms
2025-09-22T09:28:23.442+07:00  INFO 20948 --- [springfood] [  restartedMain] o.hibernate.jpa.internal.util.LogHelper  : HHH000204: Processing PersistenceUnitInfo [name: default]
2025-09-22T09:28:23.538+07:00  INFO 20948 --- [springfood] [  restartedMain] org.hibernate.Version                    : HHH000412: Hibernate ORM core version 6.6.18.Final
2025-09-22T09:28:23.585+07:00  INFO 20948 --- [springfood] [  restartedMain] o.h.c.internal.RegionFactoryInitiator    : HHH000026: Second-level cache disabled
2025-09-22T09:28:24.026+07:00  INFO 20948 --- [springfood] [  restartedMain] o.s.o.j.p.SpringPersistenceUnitInfo      : No LoadTimeWeaver setup: ignoring JPA class transformer
2025-09-22T09:28:24.069+07:00  INFO 20948 --- [springfood] [  restartedMain] com.zaxxer.hikari.HikariDataSource       : HikariPool-1 - Starting...
2025-09-22T09:28:24.340+07:00  INFO 20948 --- [springfood] [  restartedMain] com.zaxxer.hikari.pool.HikariPool        : HikariPool-1 - Added connection org.postgresql.jdbc.PgConnection@526cf50c
2025-09-22T09:28:24.342+07:00  INFO 20948 --- [springfood] [  restartedMain] com.zaxxer.hikari.HikariDataSource       : HikariPool-1 - Start completed.
2025-09-22T09:28:24.409+07:00  WARN 20948 --- [springfood] [  restartedMain] org.hibernate.orm.deprecation            : HHH90000025: PostgreSQLDialect does not need to be specified explicitly using 'hibernate.dialect' (remove the property setting and it will be selected by default)
2025-09-22T09:28:24.435+07:00  INFO 20948 --- [springfood] [  restartedMain] org.hibernate.orm.connections.pooling    : HHH10001005: Database info:
	Database JDBC URL [Connecting through datasource 'HikariDataSource (HikariPool-1)']
	Database driver: undefined/unknown
	Database version: 17.6
	Autocommit mode: undefined/unknown
	Isolation level: undefined/unknown
	Minimum pool size: undefined/unknown
	Maximum pool size: undefined/unknown
2025-09-22T09:28:25.152+07:00  WARN 20948 --- [springfood] [  restartedMain] org.hibernate.mapping.RootClass          : HHH000038: Composite-id class does not override equals(): com.spring_food.springfood.model.RoleHasPermission$RolePermissionId
2025-09-22T09:28:25.153+07:00  WARN 20948 --- [springfood] [  restartedMain] org.hibernate.mapping.RootClass          : HHH000039: Composite-id class does not override hashCode(): com.spring_food.springfood.model.RoleHasPermission$RolePermissionId
2025-09-22T09:28:25.155+07:00  WARN 20948 --- [springfood] [  restartedMain] org.hibernate.mapping.RootClass          : HHH000038: Composite-id class does not override equals(): com.spring_food.springfood.model.ProductSale$ProductSaleId
2025-09-22T09:28:25.155+07:00  WARN 20948 --- [springfood] [  restartedMain] org.hibernate.mapping.RootClass          : HHH000039: Composite-id class does not override hashCode(): com.spring_food.springfood.model.ProductSale$ProductSaleId
2025-09-22T09:28:25.155+07:00  WARN 20948 --- [springfood] [  restartedMain] org.hibernate.mapping.RootClass          : HHH000038: Composite-id class does not override equals(): com.spring_food.springfood.model.UserHasRole$UserRoleId
2025-09-22T09:28:25.155+07:00  WARN 20948 --- [springfood] [  restartedMain] org.hibernate.mapping.RootClass          : HHH000039: Composite-id class does not override hashCode(): com.spring_food.springfood.model.UserHasRole$UserRoleId
2025-09-22T09:28:25.155+07:00  WARN 20948 --- [springfood] [  restartedMain] org.hibernate.mapping.RootClass          : HHH000038: Composite-id class does not override equals(): com.spring_food.springfood.model.ProductCategory
2025-09-22T09:28:25.157+07:00  WARN 20948 --- [springfood] [  restartedMain] org.hibernate.mapping.RootClass          : HHH000039: Composite-id class does not override hashCode(): com.spring_food.springfood.model.ProductCategory
2025-09-22T09:28:26.283+07:00  INFO 20948 --- [springfood] [  restartedMain] o.h.e.t.j.p.i.JtaPlatformInitiator       : HHH000489: No JTA platform available (set 'hibernate.transaction.jta.platform' to enable JTA platform integration)
2025-09-22T09:28:28.385+07:00  INFO 20948 --- [springfood] [  restartedMain] j.LocalContainerEntityManagerFactoryBean : Initialized JPA EntityManagerFactory for persistence unit 'default'
2025-09-22T09:28:29.266+07:00  INFO 20948 --- [springfood] [  restartedMain] o.s.d.j.r.query.QueryEnhancerFactory     : Hibernate is in classpath; If applicable, HQL parser will be used.
2025-09-22T09:28:30.395+07:00  INFO 20948 --- [springfood] [  restartedMain] eAuthenticationProviderManagerConfigurer : Global AuthenticationManager configured with AuthenticationProvider bean with name authenticationProvider
2025-09-22T09:28:31.668+07:00  WARN 20948 --- [springfood] [  restartedMain] JpaBaseConfiguration$JpaWebConfiguration : spring.jpa.open-in-view is enabled by default. Therefore, database queries may be performed during view rendering. Explicitly configure spring.jpa.open-in-view to disable this warning
2025-09-22T09:28:32.611+07:00  INFO 20948 --- [springfood] [  restartedMain] o.s.b.a.e.web.EndpointLinksResolver      : Exposing 1 endpoint beneath base path '/actuator'
2025-09-22T09:28:33.143+07:00 DEBUG 20948 --- [springfood] [  restartedMain] o.s.s.web.DefaultSecurityFilterChain     : Will secure any request with filters: DisableEncodeUrlFilter, WebAsyncManagerIntegrationFilter, SecurityContextHolderFilter, HeaderWriterFilter, CorsFilter, LogoutFilter, PreFilter, RequestCacheAwareFilter, SecurityContextHolderAwareRequestFilter, AnonymousAuthenticationFilter, SessionManagementFilter, ExceptionTranslationFilter, AuthorizationFilter
2025-09-22T09:28:34.129+07:00  WARN 20948 --- [springfood] [  restartedMain] ion$DefaultTemplateResolverConfiguration : Cannot find template location: classpath:/templates/ (please add some templates, check your Thymeleaf configuration, or set spring.thymeleaf.check-template-location=false)
2025-09-22T09:28:34.247+07:00  INFO 20948 --- [springfood] [  restartedMain] o.s.b.d.a.OptionalLiveReloadServer       : LiveReload server is running on port 35729
2025-09-22T09:28:34.394+07:00  INFO 20948 --- [springfood] [  restartedMain] o.s.b.w.embedded.tomcat.TomcatWebServer  : Tomcat started on port 8081 (http) with context path '/'
2025-09-22T09:28:34.417+07:00  INFO 20948 --- [springfood] [  restartedMain] c.s.springfood.SpringfoodApplication     : Started SpringfoodApplication in 15.009 seconds (process running for 15.632)
2025-09-22T09:29:02.905+07:00  INFO 20948 --- [springfood] [   File Watcher] rtingClassPathChangeChangedEventListener : Restarting due to 2 class path changes (0 additions, 2 deletions, 0 modifications)
2025-09-22T09:29:02.905+07:00  INFO 20948 --- [springfood] [       Thread-5] o.s.b.w.e.tomcat.GracefulShutdown        : Commencing graceful shutdown. Waiting for active requests to complete
2025-09-22T09:29:02.916+07:00  INFO 20948 --- [springfood] [tomcat-shutdown] o.s.b.w.e.tomcat.GracefulShutdown        : Graceful shutdown complete
2025-09-22T09:29:02.932+07:00  INFO 20948 --- [springfood] [       Thread-5] j.LocalContainerEntityManagerFactoryBean : Closing JPA EntityManagerFactory for persistence unit 'default'
2025-09-22T09:29:02.932+07:00  INFO 20948 --- [springfood] [       Thread-5] com.zaxxer.hikari.HikariDataSource       : HikariPool-1 - Shutdown initiated...
2025-09-22T09:29:02.946+07:00  INFO 20948 --- [springfood] [       Thread-5] com.zaxxer.hikari.HikariDataSource       : HikariPool-1 - Shutdown completed.
====================================================================
 ,---.               ,--.               ,------.               ,--.
'   .-' ,---. ,--.--.`--',--,--,  ,---. |  .---',---. ,---.  ,-|  |
`.  `-.| .-. ||  .--',--.|      \| .-. ||  `--,| .-. | .-. |' .-. |
.-'    | '-' '|  |   |  ||  ||  |' '-' '|  |`  ' '-' ' '-' '\ `-' |
`-----'|  |-' `--'   `--'`--''--'.`-  / `--'    `---' `---'  `---'
====================================================================
 
Powered by Spring Boot 3.5.3
2025-09-22T09:29:03.091+07:00  INFO 20948 --- [springfood] [  restartedMain] c.s.springfood.SpringfoodApplication     : Starting SpringfoodApplication using Java 23.0.1 with PID 20948 (F:\Document\TASC\Backend\springfood\target\classes started by admin in F:\Document\TASC\Backend\springfood)
2025-09-22T09:29:03.091+07:00  INFO 20948 --- [springfood] [  restartedMain] c.s.springfood.SpringfoodApplication     : No active profile set, falling back to 1 default profile: "default"
2025-09-22T09:29:03.940+07:00  INFO 20948 --- [springfood] [  restartedMain] .s.d.r.c.RepositoryConfigurationDelegate : Bootstrapping Spring Data JPA repositories in DEFAULT mode.
2025-09-22T09:29:04.024+07:00  INFO 20948 --- [springfood] [  restartedMain] .s.d.r.c.RepositoryConfigurationDelegate : Finished Spring Data repository scanning in 81 ms. Found 8 JPA repository interfaces.
2025-09-22T09:29:04.290+07:00  INFO 20948 --- [springfood] [  restartedMain] o.s.b.w.embedded.tomcat.TomcatWebServer  : Tomcat initialized with port 8081 (http)
2025-09-22T09:29:04.290+07:00  INFO 20948 --- [springfood] [  restartedMain] o.apache.catalina.core.StandardService   : Starting service [Tomcat]
2025-09-22T09:29:04.290+07:00  INFO 20948 --- [springfood] [  restartedMain] o.apache.catalina.core.StandardEngine    : Starting Servlet engine: [Apache Tomcat/10.1.42]
2025-09-22T09:29:04.327+07:00  INFO 20948 --- [springfood] [  restartedMain] o.a.c.c.C.[Tomcat].[localhost].[/]       : Initializing Spring embedded WebApplicationContext
2025-09-22T09:29:04.327+07:00  INFO 20948 --- [springfood] [  restartedMain] w.s.c.ServletWebServerApplicationContext : Root WebApplicationContext: initialization completed in 1234 ms
2025-09-22T09:29:04.561+07:00  INFO 20948 --- [springfood] [  restartedMain] o.hibernate.jpa.internal.util.LogHelper  : HHH000204: Processing PersistenceUnitInfo [name: default]
2025-09-22T09:29:04.570+07:00  INFO 20948 --- [springfood] [  restartedMain] o.h.c.internal.RegionFactoryInitiator    : HHH000026: Second-level cache disabled
2025-09-22T09:29:04.592+07:00  INFO 20948 --- [springfood] [  restartedMain] o.s.o.j.p.SpringPersistenceUnitInfo      : No LoadTimeWeaver setup: ignoring JPA class transformer
2025-09-22T09:29:04.592+07:00  INFO 20948 --- [springfood] [  restartedMain] com.zaxxer.hikari.HikariDataSource       : HikariPool-2 - Starting...
2025-09-22T09:29:04.780+07:00  INFO 20948 --- [springfood] [  restartedMain] com.zaxxer.hikari.pool.HikariPool        : HikariPool-2 - Added connection org.postgresql.jdbc.PgConnection@52137933
2025-09-22T09:29:04.780+07:00  INFO 20948 --- [springfood] [  restartedMain] com.zaxxer.hikari.HikariDataSource       : HikariPool-2 - Start completed.
2025-09-22T09:29:04.788+07:00  WARN 20948 --- [springfood] [  restartedMain] org.hibernate.orm.deprecation            : HHH90000025: PostgreSQLDialect does not need to be specified explicitly using 'hibernate.dialect' (remove the property setting and it will be selected by default)
2025-09-22T09:29:04.797+07:00  INFO 20948 --- [springfood] [  restartedMain] org.hibernate.orm.connections.pooling    : HHH10001005: Database info:
	Database JDBC URL [Connecting through datasource 'HikariDataSource (HikariPool-2)']
	Database driver: undefined/unknown
	Database version: 17.6
	Autocommit mode: undefined/unknown
	Isolation level: undefined/unknown
	Minimum pool size: undefined/unknown
	Maximum pool size: undefined/unknown
2025-09-22T09:29:05.143+07:00  WARN 20948 --- [springfood] [  restartedMain] org.hibernate.mapping.RootClass          : HHH000038: Composite-id class does not override equals(): com.spring_food.springfood.model.RoleHasPermission$RolePermissionId
2025-09-22T09:29:05.143+07:00  WARN 20948 --- [springfood] [  restartedMain] org.hibernate.mapping.RootClass          : HHH000039: Composite-id class does not override hashCode(): com.spring_food.springfood.model.RoleHasPermission$RolePermissionId
2025-09-22T09:29:05.146+07:00  WARN 20948 --- [springfood] [  restartedMain] org.hibernate.mapping.RootClass          : HHH000038: Composite-id class does not override equals(): com.spring_food.springfood.model.ProductSale$ProductSaleId
2025-09-22T09:29:05.146+07:00  WARN 20948 --- [springfood] [  restartedMain] org.hibernate.mapping.RootClass          : HHH000039: Composite-id class does not override hashCode(): com.spring_food.springfood.model.ProductSale$ProductSaleId
2025-09-22T09:29:05.146+07:00  WARN 20948 --- [springfood] [  restartedMain] org.hibernate.mapping.RootClass          : HHH000038: Composite-id class does not override equals(): com.spring_food.springfood.model.UserHasRole$UserRoleId
2025-09-22T09:29:05.146+07:00  WARN 20948 --- [springfood] [  restartedMain] org.hibernate.mapping.RootClass          : HHH000039: Composite-id class does not override hashCode(): com.spring_food.springfood.model.UserHasRole$UserRoleId
2025-09-22T09:29:05.146+07:00  WARN 20948 --- [springfood] [  restartedMain] org.hibernate.mapping.RootClass          : HHH000038: Composite-id class does not override equals(): com.spring_food.springfood.model.ProductCategory
2025-09-22T09:29:05.146+07:00  WARN 20948 --- [springfood] [  restartedMain] org.hibernate.mapping.RootClass          : HHH000039: Composite-id class does not override hashCode(): com.spring_food.springfood.model.ProductCategory
2025-09-22T09:29:05.728+07:00  INFO 20948 --- [springfood] [  restartedMain] o.h.e.t.j.p.i.JtaPlatformInitiator       : HHH000489: No JTA platform available (set 'hibernate.transaction.jta.platform' to enable JTA platform integration)
2025-09-22T09:29:07.952+07:00  INFO 20948 --- [springfood] [  restartedMain] j.LocalContainerEntityManagerFactoryBean : Initialized JPA EntityManagerFactory for persistence unit 'default'
2025-09-22T09:29:08.261+07:00  INFO 20948 --- [springfood] [  restartedMain] eAuthenticationProviderManagerConfigurer : Global AuthenticationManager configured with AuthenticationProvider bean with name authenticationProvider
2025-09-22T09:29:08.465+07:00  WARN 20948 --- [springfood] [  restartedMain] ConfigServletWebServerApplicationContext : Exception encountered during context initialization - cancelling refresh attempt: org.springframework.beans.factory.UnsatisfiedDependencyException: Error creating bean with name 'paymentController' defined in file [F:\Document\TASC\Backend\springfood\target\classes\com\spring_food\springfood\controller\PaymentController.class]: Unsatisfied dependency expressed through constructor parameter 0: No qualifying bean of type 'com.spring_food.springfood.service.VNPayService' available: expected at least 1 bean which qualifies as autowire candidate. Dependency annotations: {}
2025-09-22T09:29:08.465+07:00  INFO 20948 --- [springfood] [  restartedMain] j.LocalContainerEntityManagerFactoryBean : Closing JPA EntityManagerFactory for persistence unit 'default'
2025-09-22T09:29:08.475+07:00  INFO 20948 --- [springfood] [  restartedMain] com.zaxxer.hikari.HikariDataSource       : HikariPool-2 - Shutdown initiated...
2025-09-22T09:29:08.478+07:00  INFO 20948 --- [springfood] [  restartedMain] com.zaxxer.hikari.HikariDataSource       : HikariPool-2 - Shutdown completed.
2025-09-22T09:29:08.479+07:00  INFO 20948 --- [springfood] [  restartedMain] o.apache.catalina.core.StandardService   : Stopping service [Tomcat]
2025-09-22T09:29:08.489+07:00  INFO 20948 --- [springfood] [  restartedMain] .s.b.a.l.ConditionEvaluationReportLogger : 

Error starting ApplicationContext. To display the condition evaluation report re-run your application with 'debug' enabled.
2025-09-22T09:29:08.524+07:00 ERROR 20948 --- [springfood] [  restartedMain] o.s.b.d.LoggingFailureAnalysisReporter   : 

***************************
APPLICATION FAILED TO START
***************************

Description:

Parameter 0 of constructor in com.spring_food.springfood.controller.PaymentController required a bean of type 'com.spring_food.springfood.service.VNPayService' that could not be found.


Action:

Consider defining a bean of type 'com.spring_food.springfood.service.VNPayService' in your configuration.

====================================================================
 ,---.               ,--.               ,------.               ,--.
'   .-' ,---. ,--.--.`--',--,--,  ,---. |  .---',---. ,---.  ,-|  |
`.  `-.| .-. ||  .--',--.|      \| .-. ||  `--,| .-. | .-. |' .-. |
.-'    | '-' '|  |   |  ||  ||  |' '-' '|  |`  ' '-' ' '-' '\ `-' |
`-----'|  |-' `--'   `--'`--''--'.`-  / `--'    `---' `---'  `---'
====================================================================
 
Powered by Spring Boot 3.5.3
2025-09-22T09:29:10.051+07:00  INFO 20948 --- [springfood] [  restartedMain] c.s.springfood.SpringfoodApplication     : Starting SpringfoodApplication using Java 23.0.1 with PID 20948 (F:\Document\TASC\Backend\springfood\target\classes started by admin in F:\Document\TASC\Backend\springfood)
2025-09-22T09:29:10.051+07:00  INFO 20948 --- [springfood] [  restartedMain] c.s.springfood.SpringfoodApplication     : No active profile set, falling back to 1 default profile: "default"
2025-09-22T09:29:10.594+07:00  INFO 20948 --- [springfood] [  restartedMain] .s.d.r.c.RepositoryConfigurationDelegate : Bootstrapping Spring Data JPA repositories in DEFAULT mode.
2025-09-22T09:29:10.656+07:00  INFO 20948 --- [springfood] [  restartedMain] .s.d.r.c.RepositoryConfigurationDelegate : Finished Spring Data repository scanning in 60 ms. Found 8 JPA repository interfaces.
2025-09-22T09:29:10.867+07:00  INFO 20948 --- [springfood] [  restartedMain] o.s.b.w.embedded.tomcat.TomcatWebServer  : Tomcat initialized with port 8081 (http)
2025-09-22T09:29:10.871+07:00  INFO 20948 --- [springfood] [  restartedMain] o.apache.catalina.core.StandardService   : Starting service [Tomcat]
2025-09-22T09:29:10.871+07:00  INFO 20948 --- [springfood] [  restartedMain] o.apache.catalina.core.StandardEngine    : Starting Servlet engine: [Apache Tomcat/10.1.42]
2025-09-22T09:29:10.915+07:00  INFO 20948 --- [springfood] [  restartedMain] o.a.c.c.C.[Tomcat-1].[localhost].[/]     : Initializing Spring embedded WebApplicationContext
2025-09-22T09:29:10.915+07:00  INFO 20948 --- [springfood] [  restartedMain] w.s.c.ServletWebServerApplicationContext : Root WebApplicationContext: initialization completed in 864 ms
2025-09-22T09:29:11.054+07:00  INFO 20948 --- [springfood] [  restartedMain] o.hibernate.jpa.internal.util.LogHelper  : HHH000204: Processing PersistenceUnitInfo [name: default]
2025-09-22T09:29:11.054+07:00  INFO 20948 --- [springfood] [  restartedMain] o.h.c.internal.RegionFactoryInitiator    : HHH000026: Second-level cache disabled
2025-09-22T09:29:11.077+07:00  INFO 20948 --- [springfood] [  restartedMain] o.s.o.j.p.SpringPersistenceUnitInfo      : No LoadTimeWeaver setup: ignoring JPA class transformer
2025-09-22T09:29:11.077+07:00  INFO 20948 --- [springfood] [  restartedMain] com.zaxxer.hikari.HikariDataSource       : HikariPool-3 - Starting...
2025-09-22T09:29:11.161+07:00  INFO 20948 --- [springfood] [  restartedMain] com.zaxxer.hikari.pool.HikariPool        : HikariPool-3 - Added connection org.postgresql.jdbc.PgConnection@503d3cc
2025-09-22T09:29:11.161+07:00  INFO 20948 --- [springfood] [  restartedMain] com.zaxxer.hikari.HikariDataSource       : HikariPool-3 - Start completed.
2025-09-22T09:29:11.177+07:00  WARN 20948 --- [springfood] [  restartedMain] org.hibernate.orm.deprecation            : HHH90000025: PostgreSQLDialect does not need to be specified explicitly using 'hibernate.dialect' (remove the property setting and it will be selected by default)
2025-09-22T09:29:11.179+07:00  INFO 20948 --- [springfood] [  restartedMain] org.hibernate.orm.connections.pooling    : HHH10001005: Database info:
	Database JDBC URL [Connecting through datasource 'HikariDataSource (HikariPool-3)']
	Database driver: undefined/unknown
	Database version: 17.6
	Autocommit mode: undefined/unknown
	Isolation level: undefined/unknown
	Minimum pool size: undefined/unknown
	Maximum pool size: undefined/unknown
2025-09-22T09:29:11.370+07:00  WARN 20948 --- [springfood] [  restartedMain] org.hibernate.mapping.RootClass          : HHH000038: Composite-id class does not override equals(): com.spring_food.springfood.model.RoleHasPermission$RolePermissionId
2025-09-22T09:29:11.370+07:00  WARN 20948 --- [springfood] [  restartedMain] org.hibernate.mapping.RootClass          : HHH000039: Composite-id class does not override hashCode(): com.spring_food.springfood.model.RoleHasPermission$RolePermissionId
2025-09-22T09:29:11.370+07:00  WARN 20948 --- [springfood] [  restartedMain] org.hibernate.mapping.RootClass          : HHH000038: Composite-id class does not override equals(): com.spring_food.springfood.model.ProductSale$ProductSaleId
2025-09-22T09:29:11.370+07:00  WARN 20948 --- [springfood] [  restartedMain] org.hibernate.mapping.RootClass          : HHH000039: Composite-id class does not override hashCode(): com.spring_food.springfood.model.ProductSale$ProductSaleId
2025-09-22T09:29:11.370+07:00  WARN 20948 --- [springfood] [  restartedMain] org.hibernate.mapping.RootClass          : HHH000038: Composite-id class does not override equals(): com.spring_food.springfood.model.UserHasRole$UserRoleId
2025-09-22T09:29:11.370+07:00  WARN 20948 --- [springfood] [  restartedMain] org.hibernate.mapping.RootClass          : HHH000039: Composite-id class does not override hashCode(): com.spring_food.springfood.model.UserHasRole$UserRoleId
2025-09-22T09:29:11.370+07:00  WARN 20948 --- [springfood] [  restartedMain] org.hibernate.mapping.RootClass          : HHH000038: Composite-id class does not override equals(): com.spring_food.springfood.model.ProductCategory
2025-09-22T09:29:11.370+07:00  WARN 20948 --- [springfood] [  restartedMain] org.hibernate.mapping.RootClass          : HHH000039: Composite-id class does not override hashCode(): com.spring_food.springfood.model.ProductCategory
2025-09-22T09:29:11.781+07:00  INFO 20948 --- [springfood] [  restartedMain] o.h.e.t.j.p.i.JtaPlatformInitiator       : HHH000489: No JTA platform available (set 'hibernate.transaction.jta.platform' to enable JTA platform integration)
2025-09-22T09:29:13.926+07:00  INFO 20948 --- [springfood] [  restartedMain] j.LocalContainerEntityManagerFactoryBean : Initialized JPA EntityManagerFactory for persistence unit 'default'
2025-09-22T09:29:14.207+07:00  INFO 20948 --- [springfood] [  restartedMain] eAuthenticationProviderManagerConfigurer : Global AuthenticationManager configured with AuthenticationProvider bean with name authenticationProvider
2025-09-22T09:29:14.486+07:00  WARN 20948 --- [springfood] [  restartedMain] JpaBaseConfiguration$JpaWebConfiguration : spring.jpa.open-in-view is enabled by default. Therefore, database queries may be performed during view rendering. Explicitly configure spring.jpa.open-in-view to disable this warning
2025-09-22T09:29:14.718+07:00  INFO 20948 --- [springfood] [  restartedMain] o.s.b.a.e.web.EndpointLinksResolver      : Exposing 1 endpoint beneath base path '/actuator'
2025-09-22T09:29:14.889+07:00 DEBUG 20948 --- [springfood] [  restartedMain] o.s.s.web.DefaultSecurityFilterChain     : Will secure any request with filters: DisableEncodeUrlFilter, WebAsyncManagerIntegrationFilter, SecurityContextHolderFilter, HeaderWriterFilter, CorsFilter, LogoutFilter, PreFilter, RequestCacheAwareFilter, SecurityContextHolderAwareRequestFilter, AnonymousAuthenticationFilter, SessionManagementFilter, ExceptionTranslationFilter, AuthorizationFilter
2025-09-22T09:29:15.142+07:00  WARN 20948 --- [springfood] [  restartedMain] ion$DefaultTemplateResolverConfiguration : Cannot find template location: classpath:/templates/ (please add some templates, check your Thymeleaf configuration, or set spring.thymeleaf.check-template-location=false)
2025-09-22T09:29:15.158+07:00  INFO 20948 --- [springfood] [  restartedMain] o.s.b.d.a.OptionalLiveReloadServer       : LiveReload server is running on port 35729
2025-09-22T09:29:15.189+07:00  INFO 20948 --- [springfood] [  restartedMain] o.s.b.w.embedded.tomcat.TomcatWebServer  : Tomcat started on port 8081 (http) with context path '/'
2025-09-22T09:29:15.189+07:00  INFO 20948 --- [springfood] [  restartedMain] c.s.springfood.SpringfoodApplication     : Started SpringfoodApplication in 5.167 seconds (process running for 56.418)
2025-09-22T09:29:15.205+07:00  INFO 20948 --- [springfood] [  restartedMain] .ConditionEvaluationDeltaLoggingListener : Condition evaluation unchanged
