#
# There is insufficient memory for the Java Runtime Environment to continue.
# Native memory allocation (mmap) failed to map 65536 bytes. Error detail: Failed to commit metaspace.
# Possible reasons:
#   The system is out of physical RAM or swap space
#   This process is running with CompressedOops enabled, and the Java Heap may be blocking the growth of the native heap
# Possible solutions:
#   Reduce memory load on the system
#   Increase physical memory or swap space
#   Check if swap backing store is full
#   Decrease Java heap size (-Xmx/-Xms)
#   Decrease number of Java threads
#   Decrease Java thread stack sizes (-Xss)
#   Set larger code cache with -XX:ReservedCodeCacheSize=
#   JVM is running with Unscaled Compressed Oops mode in which the Java heap is
#     placed in the first 4GB address space. The Java Heap base address is the
#     maximum limit for the native heap growth. Please use -XX:HeapBaseMinAddress
#     to set the Java Heap base and to place the Java Heap above 4GB virtual address.
# This output file may be truncated or incomplete.
#
#  Out of Memory Error (virtualSpaceNode.cpp:110), pid=23896, tid=19496
#
# JRE version: OpenJDK Runtime Environment Temurin-17.0.16+8 (17.0.16+8) (build 17.0.16+8)
# Java VM: OpenJDK 64-Bit Server VM Temurin-17.0.16+8 (17.0.16+8, mixed mode, emulated-client, sharing, tiered, compressed oops, compressed class ptrs, g1 gc, windows-amd64)
# No core dump will be written. Minidumps are not enabled by default on client versions of Windows
#

---------------  S U M M A R Y ------------

Command Line: -XX:TieredStopAtLevel=1 -Dspring.output.ansi.enabled=always -Dcom.sun.management.jmxremote -Dspring.jmx.enabled=true -Dspring.liveBeansView.mbeanDomain -Dspring.application.admin.enabled=true -Dmanagement.endpoints.jmx.exposure.include=* -javaagent:F:\Program Files\JetBrains\IntelliJ IDEA 2025.2\lib\idea_rt.jar=64077 -Dfile.encoding=UTF-8 com.theblood.identityservice.IdentityServiceApplication

Host: AMD Ryzen 5 5500U with Radeon Graphics         , 12 cores, 5G,  Windows 11 , 64 bit Build 22621 (10.0.22621.4387)
Time: Sun Oct  5 00:29:45 2025 SE Asia Standard Time elapsed time: 7.343035 seconds (0d 0h 0m 7s)

---------------  T H R E A D  ---------------

Current thread (0x000002817c73e020):  JavaThread "restartedMain" [_thread_in_vm, id=19496, stack(0x000000a609100000,0x000000a609200000)]

Stack: [0x000000a609100000,0x000000a609200000]
Native frames: (J=compiled Java code, j=interpreted, Vv=VM code, C=native code)
V  [jvm.dll+0x683169]
V  [jvm.dll+0x839ac8]
V  [jvm.dll+0x83b573]
V  [jvm.dll+0x83bbe3]
V  [jvm.dll+0x2473ff]
V  [jvm.dll+0x83589d]
V  [jvm.dll+0x627dae]
V  [jvm.dll+0x1bf274]
V  [jvm.dll+0x62a71f]
V  [jvm.dll+0x628776]
V  [jvm.dll+0x23c600]
V  [jvm.dll+0x1e98b7]
V  [jvm.dll+0x1df481]
V  [jvm.dll+0x54689b]
V  [jvm.dll+0x7b3818]
V  [jvm.dll+0x7b3904]
V  [jvm.dll+0x412e83]
V  [jvm.dll+0x4199a9]
C  [java.dll+0x17ec]

Java frames: (J=compiled Java code, j=interpreted, Vv=VM code)
J 1056  java.lang.ClassLoader.defineClass1(Ljava/lang/ClassLoader;Ljava/lang/String;[BIILjava/security/ProtectionDomain;Ljava/lang/String;)Ljava/lang/Class; java.base@17.0.16 (0 bytes) @ 0x000002812d362603 [0x000002812d362540+0x00000000000000c3]
J 1392 c1 java.lang.ClassLoader.defineClass(Ljava/lang/String;[BIILjava/security/ProtectionDomain;)Ljava/lang/Class; java.base@17.0.16 (43 bytes) @ 0x000002812d3f035c [0x000002812d3f0260+0x00000000000000fc]
J 1320 c1 jdk.internal.loader.BuiltinClassLoader.defineClass(Ljava/lang/String;Ljdk/internal/loader/Resource;)Ljava/lang/Class; java.base@17.0.16 (121 bytes) @ 0x000002812d3d83e4 [0x000002812d3d7f20+0x00000000000004c4]
J 1319 c1 jdk.internal.loader.BuiltinClassLoader.findClassOnClassPathOrNull(Ljava/lang/String;)Ljava/lang/Class; java.base@17.0.16 (64 bytes) @ 0x000002812d3d6d5c [0x000002812d3d6aa0+0x00000000000002bc]
J 981 c1 jdk.internal.loader.BuiltinClassLoader.loadClassOrNull(Ljava/lang/String;Z)Ljava/lang/Class; java.base@17.0.16 (143 bytes) @ 0x000002812d345e5c [0x000002812d345a00+0x000000000000045c]
J 1100 c1 jdk.internal.loader.ClassLoaders$AppClassLoader.loadClass(Ljava/lang/String;Z)Ljava/lang/Class; java.base@17.0.16 (40 bytes) @ 0x000002812d37a644 [0x000002812d37a500+0x0000000000000144]
J 1099 c1 java.lang.ClassLoader.loadClass(Ljava/lang/String;)Ljava/lang/Class; java.base@17.0.16 (7 bytes) @ 0x000002812d379a84 [0x000002812d379a40+0x0000000000000044]
v  ~StubRoutines::call_stub
j  org.springframework.boot.web.embedded.tomcat.TomcatServletWebServerFactory.configureSession(Lorg/apache/catalina/Context;)V+64
j  org.springframework.boot.web.embedded.tomcat.TomcatServletWebServerFactory.configureContext(Lorg/apache/catalina/Context;[Lorg/springframework/boot/web/servlet/ServletContextInitializer;)V+230
j  org.springframework.boot.web.embedded.tomcat.TomcatServletWebServerFactory.prepareContext(Lorg/apache/catalina/Host;[Lorg/springframework/boot/web/servlet/ServletContextInitializer;)V+283
j  org.springframework.boot.web.embedded.tomcat.TomcatServletWebServerFactory.getWebServer([Lorg/springframework/boot/web/servlet/ServletContextInitializer;)Lorg/springframework/boot/web/server/WebServer;+221
j  org.springframework.boot.web.servlet.context.ServletWebServerApplicationContext.createWebServer()V+67
j  org.springframework.boot.web.servlet.context.ServletWebServerApplicationContext.onRefresh()V+5
j  org.springframework.context.support.AbstractApplicationContext.refresh()V+85
j  org.springframework.boot.web.servlet.context.ServletWebServerApplicationContext.refresh()V+1
j  org.springframework.boot.SpringApplication.refresh(Lorg/springframework/context/ConfigurableApplicationContext;)V+1
j  org.springframework.boot.SpringApplication.refreshContext(Lorg/springframework/context/ConfigurableApplicationContext;)V+19
j  org.springframework.boot.SpringApplication.run([Ljava/lang/String;)Lorg/springframework/context/ConfigurableApplicationContext;+113
j  org.springframework.boot.SpringApplication.run([Ljava/lang/Class;[Ljava/lang/String;)Lorg/springframework/context/ConfigurableApplicationContext;+9
j  org.springframework.boot.SpringApplication.run(Ljava/lang/Class;[Ljava/lang/String;)Lorg/springframework/context/ConfigurableApplicationContext;+9
j  com.theblood.identityservice.IdentityServiceApplication.main([Ljava/lang/String;)V+3
v  ~StubRoutines::call_stub
j  jdk.internal.reflect.NativeMethodAccessorImpl.invoke0(Ljava/lang/reflect/Method;Ljava/lang/Object;[Ljava/lang/Object;)Ljava/lang/Object;+0 java.base@17.0.16
j  jdk.internal.reflect.NativeMethodAccessorImpl.invoke(Ljava/lang/Object;[Ljava/lang/Object;)Ljava/lang/Object;+133 java.base@17.0.16
j  jdk.internal.reflect.DelegatingMethodAccessorImpl.invoke(Ljava/lang/Object;[Ljava/lang/Object;)Ljava/lang/Object;+6 java.base@17.0.16
j  java.lang.reflect.Method.invoke(Ljava/lang/Object;[Ljava/lang/Object;)Ljava/lang/Object;+59 java.base@17.0.16
j  org.springframework.boot.devtools.restart.RestartLauncher.run()V+47
v  ~StubRoutines::call_stub

Compiled method (n/a)    7380 1056     n 0       java.lang.ClassLoader::defineClass1 (native)
 total in heap  [0x000002812d362390,0x000002812d362890] = 1280
 relocation     [0x000002812d3624f0,0x000002812d362528] = 56
 main code      [0x000002812d362540,0x000002812d362890] = 848

[Constant Pool (empty)]

[MachCode]
[Entry Point]
  # {method} {0x0000028137010f28} 'defineClass1' '(Ljava/lang/ClassLoader;Ljava/lang/String;[BIILjava/security/ProtectionDomain;Ljava/lang/String;)Ljava/lang/Class;' in 'java/lang/ClassLoader'
  # parm0:    rdx:rdx   = 'java/lang/ClassLoader'
  # parm1:    r8:r8     = 'java/lang/String'
  # parm2:    r9:r9     = '[B'
  # parm3:    rdi       = int
  # parm4:    rsi       = int
  # parm5:    rcx:rcx   = 'java/security/ProtectionDomain'
  # parm6:    [sp+0xa0]   = 'java/lang/String'  (sp of caller)
  0x000002812d362540: 448b 5208 | 49bb 0000 | 0037 8102 | 0000 4d03 | d349 3bc2 | 0f84 0600 

  0x000002812d362558: ;   {runtime_call ic_miss_stub}
  0x000002812d362558: 0000 e921 | ebca ff90 
[Verified Entry Point]
  0x000002812d362560: 8984 2400 | 90ff ff55 | 488b ec48 | 81ec 9000 | 0000 4881 | 7d10 0000 | 0000 488d | 4510 480f 
  0x000002812d362580: 4445 1048 | 8944 2440 | 4889 4c24 | 7048 83f9 | 0048 8d44 | 2470 480f | 4444 2470 | 4889 4424 
  0x000002812d3625a0: 3848 8974 | 2430 4889 | 7c24 284c | 894c 2458 | 4983 f900 | 488d 4424 | 5848 0f44 | 4424 5848 
  0x000002812d3625c0: 8944 2420 | 4c89 4424 | 5049 83f8 | 004c 8d4c | 2450 4c0f | 444c 2450 | 4889 5424 | 4848 83fa 
  0x000002812d3625e0: 004c 8d44 | 2448 4c0f | 4444 2448 

  0x000002812d3625ec: ;   {oop(a 'java/lang/Class'{0x00000000a2d5a0e0} = 'java/lang/ClassLoader')}
  0x000002812d3625ec: 49be e0a0 | d5a2 0000 | 0000 4c89 | 7424 784c | 8d74 2478 | 498b d6c5 

  0x000002812d362604: ;   {internal_word}
  0x000002812d362604: f877 49ba | 0326 362d | 8102 0000 | 4d89 97a0 | 0200 0049 | 89a7 9802 

  0x000002812d36261c: ;   {external_word}
  0x000002812d36261c: 0000 49ba | c2c6 d51e | ff7f 0000 | 4180 3a00 | 0f84 5200 | 0000 5241 

  0x000002812d362634: ;   {metadata({method} {0x0000028137010f28} 'defineClass1' '(Ljava/lang/ClassLoader;Ljava/lang/String;[BIILjava/security/ProtectionDomain;Ljava/lang/String;)Ljava/lang/Class;' in 'java/lang/ClassLoader')}
  0x000002812d362634: 5041 5148 | ba20 0f01 | 3781 0200 | 0049 8bcf | 4883 ec20 | f7c4 0f00 | 0000 0f84 | 1a00 0000 
  0x000002812d362654: 4883 ec08 

  0x000002812d362658: ;   {runtime_call}
  0x000002812d362658: 49ba 508d | 8b1e ff7f | 0000 41ff | d248 83c4 | 08e9 0d00 

  0x000002812d36266c: ;   {runtime_call}
  0x000002812d36266c: 0000 49ba | 508d 8b1e | ff7f 0000 | 41ff d248 | 83c4 2041 | 5941 585a | 498d 8fb8 | 0200 0041 
  0x000002812d36268c: c787 4003 | 0000 0400 

  0x000002812d362694: ;   {runtime_call}
  0x000002812d362694: 0000 49ba | ac16 446b | ff7f 0000 | 41ff d2c5 | f877 41c7 | 8740 0300 | 0005 0000 | 00f0 8344 
  0x000002812d3626b4: 24c0 0049 | 3baf 4803 | 0000 0f87 | 1100 0000 | 4181 bf30 | 0300 0000 | 0000 000f | 842c 0000 
  0x000002812d3626d4: 00c5 f877 | 4889 45f8 | 498b cf4c | 8be4 4883 | ec20 4883 

  0x000002812d3626e8: ;   {runtime_call}
  0x000002812d3626e8: e4f0 49ba | 509c 9b1e | ff7f 0000 | 41ff d249 | 8be4 4d33 | e448 8b45 | f841 c787 | 4003 0000 
  0x000002812d362708: 0800 0000 | 4181 bfb0 | 0300 0002 | 0000 000f | 843f 0100 

  0x000002812d36271c: ;   {external_word}
  0x000002812d36271c: 0049 bac2 | c6d5 1eff | 7f00 0041 | 803a 000f | 8450 0000 | 0048 8945 

  0x000002812d362734: ;   {metadata({method} {0x0000028137010f28} 'defineClass1' '(Ljava/lang/ClassLoader;Ljava/lang/String;[BIILjava/security/ProtectionDomain;Ljava/lang/String;)Ljava/lang/Class;' in 'java/lang/ClassLoader')}
  0x000002812d362734: f848 ba20 | 0f01 3781 | 0200 0049 | 8bcf 4883 | ec20 f7c4 | 0f00 0000 | 0f84 1a00 | 0000 4883 
  0x000002812d362754: ;   {runtime_call}
  0x000002812d362754: ec08 49ba | 508d 8b1e | ff7f 0000 | 41ff d248 | 83c4 08e9 | 0d00 0000 

  0x000002812d36276c: ;   {runtime_call}
  0x000002812d36276c: 49ba 508d | 8b1e ff7f | 0000 41ff | d248 83c4 | 2048 8b45 | f849 c787 | 9802 0000 | 0000 0000 
  0x000002812d36278c: 49c7 87a0 | 0200 0000 | 0000 00c5 | f877 4885 | c00f 8493 | 0000 0048 | f7c0 0100 | 0000 0f84 
  0x000002812d3627ac: 8300 0000 | 488b 40ff | 4180 7f38 | 000f 846f | 0000 0048 | 83f8 000f | 8465 0000 | 0049 8b4f 
  0x000002812d3627cc: 2048 83f9 | 000f 8414 | 0000 0048 | 83e9 0849 | 894f 2049 | 034f 3048 | 8901 e943 | 0000 0050 
  0x000002812d3627ec: 498b d748 | 8bc8 4883 | ec20 f7c4 | 0f00 0000 | 0f84 1a00 | 0000 4883 

  0x000002812d362804: ;   {runtime_call}
  0x000002812d362804: ec08 49ba | 102a 4a1e | ff7f 0000 | 41ff d248 | 83c4 08e9 | 0d00 0000 

  0x000002812d36281c: ;   {runtime_call}
  0x000002812d36281c: 49ba 102a | 4a1e ff7f | 0000 41ff | d248 83c4 | 2058 e903 | 0000 0048 | 8b00 498b | 8fd8 0000 
  0x000002812d36283c: 00c7 8100 | 0100 0000 | 0000 00c9 | 4981 7f08 | 0000 0000 | 0f85 0100 

  0x000002812d362854: ;   {runtime_call StubRoutines (1)}
  0x000002812d362854: 0000 c3e9 | a4e6 c5ff | c5f8 7748 | 8945 f84c | 8be4 4883 | ec20 4883 

  0x000002812d36286c: ;   {runtime_call}
  0x000002812d36286c: e4f0 49ba | 70be 8b1e | ff7f 0000 | 41ff d249 | 8be4 4d33 | e448 8b45 | f8e9 93fe | ffff f4f4 
  0x000002812d36288c: f4f4 f4f4 
[/MachCode]


Compiled method (c1)    7385 1392       1       java.lang.ClassLoader::defineClass (43 bytes)
 total in heap  [0x000002812d3f0090,0x000002812d3f0630] = 1440
 relocation     [0x000002812d3f01f0,0x000002812d3f0250] = 96
 main code      [0x000002812d3f0260,0x000002812d3f0400] = 416
 stub code      [0x000002812d3f0400,0x000002812d3f0478] = 120
 metadata       [0x000002812d3f0478,0x000002812d3f04a8] = 48
 scopes data    [0x000002812d3f04a8,0x000002812d3f0560] = 184
 scopes pcs     [0x000002812d3f0560,0x000002812d3f0600] = 160
 dependencies   [0x000002812d3f0600,0x000002812d3f0608] = 8
 nul chk table  [0x000002812d3f0608,0x000002812d3f0630] = 40

[Constant Pool (empty)]

[MachCode]
[Entry Point]
  # {method} {0x0000028137010cc0} 'defineClass' '(Ljava/lang/String;[BIILjava/security/ProtectionDomain;)Ljava/lang/Class;' in 'java/lang/ClassLoader'
  # this:     rdx:rdx   = 'java/lang/ClassLoader'
  # parm0:    r8:r8     = 'java/lang/String'
  # parm1:    r9:r9     = '[B'
  # parm2:    rdi       = int
  # parm3:    rsi       = int
  # parm4:    rcx:rcx   = 'java/security/ProtectionDomain'
  #           [sp+0xc0]  (sp of caller)
  0x000002812d3f0260: 448b 5208 | 49bb 0000 | 0037 8102 | 0000 4d03 | d34c 3bd0 

  0x000002812d3f0274: ;   {runtime_call ic_miss_stub}
  0x000002812d3f0274: 0f85 060e | c2ff 660f | 1f44 0000 
[Verified Entry Point]
  0x000002812d3f0280: 8984 2400 | 90ff ff55 | 4881 ecb0 | 0000 0048 | 8954 2478 | 89b4 2494 | 0000 0089 | bc24 9000 
  0x000002812d3f02a0: 0000 4c89 | 8c24 8800 | 0000 498b | d84c 8bc3 | 4c8b c948 | 8bca 488b | d148 899c | 2480 0000 
  0x000002812d3f02c0: 0066 0f1f 

  0x000002812d3f02c4: ;   {optimized virtual_call}
  0x000002812d3f02c4: 4400 00e8 

  0x000002812d3f02c8: ; ImmutableOopMap {[120]=Oop [136]=Oop [128]=Oop }
                      ;*invokevirtual preDefineClass {reexecute=0 rethrow=0 return_oop=0}
                      ; - java.lang.ClassLoader::defineClass@4 (line 1015)
  0x000002812d3f02c8: 940a 0000 | 4889 8424 | 9800 0000 

  0x000002812d3f02d4: ; implicit exception: dispatches to 0x000002812d3f039a
  0x000002812d3f02d4: 448b 4010 | 4983 f800 | 0f85 0f00 

  0x000002812d3f02e0: ;   {oop(NULL)}
  0x000002812d3f02e0: 0000 48bb | 0000 0000 | 0000 0000 | e936 0000 | 0045 8b40 | 0c49 83f8 | 000f 850f 

  0x000002812d3f02fc: ;   {oop(NULL)}
  0x000002812d3f02fc: 0000 0048 | bb00 0000 | 0000 0000 | 00e9 1900 | 0000 418b | 5038 483b 

  0x000002812d3f0314: ;   {optimized virtual_call}
  0x000002812d3f0314: 0266 90e8 

  0x000002812d3f0318: ; ImmutableOopMap {[120]=Oop [136]=Oop [128]=Oop [152]=Oop }
                      ;*invokevirtual toExternalForm {reexecute=0 rethrow=0 return_oop=0}
                      ; - java.net.URL::toExternalForm@5 (line 1039)
                      ; - java.net.URL::toString@1 (line 1025)
                      ; - java.lang.ClassLoader::defineClassSourceLocation@22 (line 917)
                      ; - java.lang.ClassLoader::defineClass@12 (line 1016)
  0x000002812d3f0318: 849c f7ff | 488b d848 | 8b84 2498 | 0000 008b | b424 9400 | 0000 8bbc | 2490 0000 | 004c 8b8c 
  0x000002812d3f0338: 2488 0000 | 004c 8b84 | 2480 0000 | 0048 8b54 | 2478 4c8b | da49 8bd3 | 488b c848 

  0x000002812d3f0354: ;   {static_call}
  0x000002812d3f0354: 891c 24e8 

  0x000002812d3f0358: ; ImmutableOopMap {[152]=Oop [120]=Oop }
                      ;*invokestatic defineClass1 {reexecute=0 rethrow=0 return_oop=0}
                      ; - java.lang.ClassLoader::defineClass@27 (line 1017)
  0x000002812d3f0358: 0422 f7ff | 4c8b c04c | 8b8c 2498 | 0000 0048 | 8b54 2478 | 4889 8424 | a000 0000 

  0x000002812d3f0374: ;   {optimized virtual_call}
  0x000002812d3f0374: 6666 90e8 

  0x000002812d3f0378: ; ImmutableOopMap {[160]=Oop }
                      ;*invokevirtual postDefineClass {reexecute=0 rethrow=0 return_oop=0}
                      ; - java.lang.ClassLoader::defineClass@37 (line 1018)
  0x000002812d3f0378: 04b9 feff | 488b 8424 | a000 0000 | 4881 c4b0 | 0000 005d 

  0x000002812d3f038c: ;   {poll_return}
  0x000002812d3f038c: 493b a748 | 0300 000f | 8715 0000 

  0x000002812d3f0398: ;   {runtime_call throw_null_pointer_exception Runtime1 stub}
  0x000002812d3f0398: 00c3 e881 

  0x000002812d3f039c: ; ImmutableOopMap {[120]=Oop [136]=Oop [128]=Oop rax=Oop [152]=Oop }
                      ;*invokevirtual getCodeSource {reexecute=0 rethrow=0 return_oop=0}
                      ; - java.lang.ClassLoader::defineClassSourceLocation@1 (line 914)
                      ; - java.lang.ClassLoader::defineClass@12 (line 1016)
                      ;   {runtime_call throw_null_pointer_exception Runtime1 stub}
  0x000002812d3f039c: 21cc ffe8 

  0x000002812d3f03a0: ; ImmutableOopMap {[120]=Oop [136]=Oop [128]=Oop rax=Oop [152]=Oop }
                      ;*invokevirtual getLocation {reexecute=0 rethrow=0 return_oop=0}
                      ; - java.lang.ClassLoader::defineClassSourceLocation@12 (line 916)
                      ; - java.lang.ClassLoader::defineClass@12 (line 1016)
  0x000002812d3f03a0: 7c21 ccff 

  0x000002812d3f03a4: ;   {runtime_call throw_null_pointer_exception Runtime1 stub}
  0x000002812d3f03a4: e877 21cc 

  0x000002812d3f03a8: ; ImmutableOopMap {[120]=Oop [136]=Oop [128]=Oop [152]=Oop r8=Oop }
                      ;*invokevirtual toString {reexecute=0 rethrow=0 return_oop=0}
                      ; - java.lang.ClassLoader::defineClassSourceLocation@22 (line 917)
                      ; - java.lang.ClassLoader::defineClass@12 (line 1016)
                      ;   {runtime_call throw_null_pointer_exception Runtime1 stub}
  0x000002812d3f03a8: ffe8 7221 

  0x000002812d3f03ac: ; ImmutableOopMap {[120]=Oop [136]=Oop [128]=Oop [152]=Oop r8=Oop rdx=Oop }
                      ;*invokevirtual toExternalForm {reexecute=0 rethrow=0 return_oop=0}
                      ; - java.net.URL::toExternalForm@5 (line 1039)
                      ; - java.net.URL::toString@1 (line 1025)
                      ; - java.lang.ClassLoader::defineClassSourceLocation@22 (line 917)
                      ; - java.lang.ClassLoader::defineClass@12 (line 1016)
                      ;   {internal_word}
  0x000002812d3f03ac: ccff 49ba | 8c03 3f2d | 8102 0000 | 4d89 9760 

  0x000002812d3f03bc: ;   {runtime_call SafepointBlob}
  0x000002812d3f03bc: 0300 00e9 | 3c76 c2ff | 9090 498b | 87d8 0300 | 0049 c787 | d803 0000 | 0000 0000 | 49c7 87e0 
  0x000002812d3f03dc: 0300 0000 | 0000 0048 | 81c4 b000 

  0x000002812d3f03e8: ;   {runtime_call unwind_exception Runtime1 stub}
  0x000002812d3f03e8: 0000 5de9 | 1012 ccff | f4f4 f4f4 | f4f4 f4f4 | f4f4 f4f4 | f4f4 f4f4 
[Stub Code]
  0x000002812d3f0400: ;   {no_reloc}
  0x000002812d3f0400: 0f1f 4400 

  0x000002812d3f0404: ;   {static_stub}
  0x000002812d3f0404: 0048 bb00 | 0000 0000 

  0x000002812d3f040c: ;   {runtime_call}
  0x000002812d3f040c: 0000 00e9 | fbff ffff 

  0x000002812d3f0414: ;   {static_stub}
  0x000002812d3f0414: 9048 bb00 | 0000 0000 

  0x000002812d3f041c: ;   {runtime_call}
  0x000002812d3f041c: 0000 00e9 | fbff ffff 

  0x000002812d3f0424: ;   {static_stub}
  0x000002812d3f0424: 9048 bb00 | 0000 0000 

  0x000002812d3f042c: ;   {runtime_call}
  0x000002812d3f042c: 0000 00e9 | fbff ffff 

  0x000002812d3f0434: ;   {static_stub}
  0x000002812d3f0434: 9048 bb00 | 0000 0000 

  0x000002812d3f043c: ;   {runtime_call}
  0x000002812d3f043c: 0000 00e9 | fbff ffff 
[Exception Handler]
  0x000002812d3f0444: ;   {runtime_call handle_exception_from_callee Runtime1 stub}
  0x000002812d3f0444: e8b7 3ecc 

  0x000002812d3f0448: ;   {external_word}
  0x000002812d3f0448: ff48 b9a0 | e9af 1eff | 7f00 0048 

  0x000002812d3f0454: ;   {runtime_call}
  0x000002812d3f0454: 83e4 f049 | ba10 7978 | 1eff 7f00 | 0041 ffd2 

  0x000002812d3f0464: ;   {section_word}
  0x000002812d3f0464: f449 ba65 | 043f 2d81 | 0200 0041 

  0x000002812d3f0470: ;   {runtime_call DeoptimizationBlob}
  0x000002812d3f0470: 52e9 2a68 | c2ff f4f4 
[/MachCode]


Compiled method (c1)    7391 1320       1       jdk.internal.loader.BuiltinClassLoader::defineClass (121 bytes)
 total in heap  [0x000002812d3d7c90,0x000002812d3d8b08] = 3704
 relocation     [0x000002812d3d7df0,0x000002812d3d7f20] = 304
 main code      [0x000002812d3d7f20,0x000002812d3d8540] = 1568
 stub code      [0x000002812d3d8540,0x000002812d3d8688] = 328
 metadata       [0x000002812d3d8688,0x000002812d3d86d0] = 72
 scopes data    [0x000002812d3d86d0,0x000002812d3d8928] = 600
 scopes pcs     [0x000002812d3d8928,0x000002812d3d8ac8] = 416
 dependencies   [0x000002812d3d8ac8,0x000002812d3d8ad0] = 8
 handler table  [0x000002812d3d8ad0,0x000002812d3d8ae8] = 24
 nul chk table  [0x000002812d3d8ae8,0x000002812d3d8b08] = 32

[Constant Pool (empty)]

[MachCode]
[Entry Point]
  # {method} {0x0000028137436808} 'defineClass' '(Ljava/lang/String;Ljdk/internal/loader/Resource;)Ljava/lang/Class;' in 'jdk/internal/loader/BuiltinClassLoader'
  # this:     rdx:rdx   = 'jdk/internal/loader/BuiltinClassLoader'
  # parm0:    r8:r8     = 'java/lang/String'
  # parm1:    r9:r9     = 'jdk/internal/loader/Resource'
  #           [sp+0x110]  (sp of caller)
  0x000002812d3d7f20: 448b 5208 | 49bb 0000 | 0037 8102 | 0000 4d03 | d34c 3bd0 

  0x000002812d3d7f34: ;   {runtime_call ic_miss_stub}
  0x000002812d3d7f34: 0f85 4691 | c3ff 660f | 1f44 0000 
[Verified Entry Point]
  0x000002812d3d7f40: 8984 2400 | 90ff ff55 | 4881 ec00 | 0100 0048 | 8994 24a0 | 0000 004c | 8984 2490 | 0000 004c 
  0x000002812d3d7f60: 898c 2498 | 0000 0049 | 8bd1 6666 | 9048 b818 | 4e19 3781 

  0x000002812d3d7f74: ;   {virtual_call}
  0x000002812d3d7f74: 0200 00e8 

  0x000002812d3d7f78: ; ImmutableOopMap {[152]=Oop [160]=Oop [144]=Oop }
                      ;*invokevirtual getCodeSourceURL {reexecute=0 rethrow=0 return_oop=0}
                      ; - jdk.internal.loader.BuiltinClassLoader::defineClass@1 (line 842)
  0x000002812d3d7f78: 2441 0000 | 4889 8424 | a800 0000 | 4c8b 8424 | 9000 0000 

  0x000002812d3d7f8c: ; implicit exception: dispatches to 0x000002812d3d8443
  0x000002812d3d7f8c: 418b 7014 

  0x000002812d3d7f90: ; implicit exception: dispatches to 0x000002812d3d8448
  0x000002812d3d7f90: 8b56 0c45 | 0fbe 4810 | 498b c9c1 | e118 c1f9 | 18d3 fa48 | 8bfa ffcf | 4183 f900 | ba00 0000 
  0x000002812d3d7fb0: 000f 8505 | 0000 00ba | 0100 0000 | 83e2 0183 | fa00 488b | d641 b82e | 0000 004c | 8bcf 0f84 
  0x000002812d3d7fd0: 0d00 0000 

  0x000002812d3d7fd4: ;   {static_call}
  0x000002812d3d7fd4: 6666 90e8 

  0x000002812d3d7fd8: ; ImmutableOopMap {[152]=Oop [160]=Oop [168]=Oop [144]=Oop }
                      ;*invokestatic lastIndexOf {reexecute=0 rethrow=0 return_oop=0}
                      ; - java.lang.String::lastIndexOf@13 (line 2489)
                      ; - java.lang.String::lastIndexOf@8 (line 2451)
                      ; - jdk.internal.loader.BuiltinClassLoader::defineClass@8 (line 845)
  0x000002812d3d7fd8: 64e5 ceff | e90b 0000 | 0066 0f1f 

  0x000002812d3d7fe4: ;   {static_call}
  0x000002812d3d7fe4: 4400 00e8 

  0x000002812d3d7fe8: ; ImmutableOopMap {[152]=Oop [160]=Oop [168]=Oop [144]=Oop }
                      ;*invokestatic lastIndexOf {reexecute=0 rethrow=0 return_oop=0}
                      ; - java.lang.String::lastIndexOf@25 (line 2490)
                      ; - java.lang.String::lastIndexOf@8 (line 2451)
                      ; - jdk.internal.loader.BuiltinClassLoader::defineClass@8 (line 845)
  0x000002812d3d7fe8: 9499 c3ff | 83f8 ff0f | 8467 0000 | 0041 b800 | 0000 004c | 8bc8 488b | 9424 9000 

  0x000002812d3d8004: ;   {optimized virtual_call}
  0x000002812d3d8004: 0000 90e8 

  0x000002812d3d8008: ; ImmutableOopMap {[152]=Oop [160]=Oop [168]=Oop [144]=Oop }
                      ;*invokevirtual substring {reexecute=0 rethrow=0 return_oop=0}
                      ; - jdk.internal.loader.BuiltinClassLoader::defineClass@23 (line 847)
  0x000002812d3d8008: 7443 e3ff | 488b 9424 | 9800 0000 | 4889 8424 | b000 0000 | 9048 b818 | 4e19 3781 

  0x000002812d3d8024: ;   {virtual_call}
  0x000002812d3d8024: 0200 00e8 

  0x000002812d3d8028: ; ImmutableOopMap {[152]=Oop [160]=Oop [168]=Oop [144]=Oop [176]=Oop }
                      ;*invokevirtual getManifest {reexecute=0 rethrow=0 return_oop=0}
                      ; - jdk.internal.loader.BuiltinClassLoader::defineClass@29 (line 848)
  0x000002812d3d8028: 545d 0000 | 4c8b 8424 | b000 0000 | 4c8b c848 | 8bbc 24a8 | 0000 0048 | 8b94 24a0 | 0000 0066 
  0x000002812d3d8048: 0f1f 4400 | 0048 b888 | b707 3781 

  0x000002812d3d8054: ;   {virtual_call}
  0x000002812d3d8054: 0200 00e8 

  0x000002812d3d8058: ; ImmutableOopMap {[152]=Oop [160]=Oop [168]=Oop [144]=Oop }
                      ;*invokevirtual defineOrCheckPackage {reexecute=0 rethrow=0 return_oop=0}
                      ; - jdk.internal.loader.BuiltinClassLoader::defineClass@40 (line 849)
  0x000002812d3d8058: c4fa ffff | 4c8b 8c24 | 9800 0000 | 488d 9424 | e000 0000 | 4c89 4a08 | 498b 0148 | 83c8 0148 
  0x000002812d3d8078: 8902 f049 | 0fb1 110f | 8413 0000 | 0048 2bc4 | 4881 e007 | f0ff ff48 | 8902 0f85 | b503 0000 
  0x000002812d3d8098: 418b 510c | 4883 fa00 | 0f85 4700 | 0000 498b | d10f 1f40 | 0048 b818 | 4e19 3781 

  0x000002812d3d80b4: ;   {virtual_call}
  0x000002812d3d80b4: 0200 00e8 

  0x000002812d3d80b8: ; ImmutableOopMap {[160]=Oop [168]=Oop [144]=Oop [152]=Oop [232]=Oop }
                      ;*invokevirtual getInputStream {reexecute=0 rethrow=0 return_oop=0}
                      ; - jdk.internal.loader.Resource::cachedInputStream@9 (line 77)
                      ; - jdk.internal.loader.Resource::getByteBuffer@1 (line 163)
                      ; - jdk.internal.loader.BuiltinClassLoader::defineClass@45 (line 853)
  0x000002812d3d80b8: 84b4 0100 | 410f be57 | 3883 fa00 | 4c8b 8c24 | 9800 0000 | 0f85 8e03 | 0000 4c8b | d045 8951 
  0x000002812d3d80d8: 0c49 8bd1 | 4833 d048 | c1ea 1448 | 83fa 000f | 858f 0300 | 0041 8b51 | 0c48 8d84 | 24e0 0000 
  0x000002812d3d80f8: 0048 8b30 | 4885 f60f | 840f 0000 | 0048 8b78 | 08f0 480f | b137 0f85 | 8003 0000 | 4883 fa00 
  0x000002812d3d8118: 0f84 4400 

  0x000002812d3d811c: ;   {metadata('sun/nio/ByteBuffered')}
  0x000002812d3d811c: 0000 48b8 | b0bc 0d37 | 8102 0000 | 8b5a 0849 | ba00 0000 | 3781 0200 | 0049 03da | 483b 4320 
  0x000002812d3d813c: 0f84 2500 | 0000 483b | d80f 841c | 0000 0053 

  0x000002812d3d814c: ;   {runtime_call slow_subtype_check Runtime1 stub}
  0x000002812d3d814c: 50e8 aecd | cdff 5b5b | 83fb 000f | 8405 0000 | 00e9 0500 | 0000 4833 | f6eb 0a48 | be01 0000 
  0x000002812d3d816c: 0000 0000 | 0083 fe00 | 0f84 6700 | 0000 4883 | fa00 0f84 | 4400 0000 

  0x000002812d3d8184: ;   {metadata('sun/nio/ByteBuffered')}
  0x000002812d3d8184: 48bb b0bc | 0d37 8102 | 0000 8b7a | 0849 ba00 | 0000 3781 | 0200 0049 | 03fa 483b | 5f20 0f84 
  0x000002812d3d81a4: 2000 0000 | 483b fb0f | 8417 0000 

  0x000002812d3d81b0: ;   {runtime_call slow_subtype_check Runtime1 stub}
  0x000002812d3d81b0: 0057 53e8 | 48cd cdff | 5f5f 83ff | 000f 84e7 | 0200 00e9 | 0000 0000 | 0f1f 4400 | 0048 b8ff 
  0x000002812d3d81d0: ffff ffff 

  0x000002812d3d81d4: ;   {virtual_call}
  0x000002812d3d81d4: ffff ffe8 

  0x000002812d3d81d8: ; ImmutableOopMap {[160]=Oop [168]=Oop [144]=Oop [152]=Oop }
                      ;*invokeinterface getByteBuffer {reexecute=0 rethrow=0 return_oop=0}
                      ; - jdk.internal.loader.Resource::getByteBuffer@16 (line 165)
                      ; - jdk.internal.loader.BuiltinClassLoader::defineClass@45 (line 853)
  0x000002812d3d81d8: a494 c3ff | e90a 0000 

  0x000002812d3d81e0: ;   {oop(NULL)}
  0x000002812d3d81e0: 0048 b800 | 0000 0000 | 0000 0048 | 83f8 000f | 84e5 0000 | 0048 8984 | 24b8 0000 | 0048 8b94 
  0x000002812d3d8200: 2498 0000 | 0048 b8ff | ffff ffff 

  0x000002812d3d820c: ;   {virtual_call}
  0x000002812d3d820c: ffff ffe8 

  0x000002812d3d8210: ; ImmutableOopMap {[160]=Oop [168]=Oop [144]=Oop [184]=Oop }
                      ;*invokevirtual getCodeSigners {reexecute=0 rethrow=0 return_oop=0}
                      ; - jdk.internal.loader.BuiltinClassLoader::defineClass@56 (line 855)
  0x000002812d3d8210: 6c94 c3ff 

  0x000002812d3d8214: ;   {metadata('java/security/CodeSource')}
  0x000002812d3d8214: 4c8b c848 | bab0 ee00 | 3781 0200 | 0049 8b87 | 0801 0000 | 488d 7828 | 493b bf18 | 0100 000f 
  0x000002812d3d8234: 877a 0200 | 0049 89bf | 0801 0000 | 48c7 0001 | 0000 0048 | 8bca 49ba | 0000 0037 | 8102 0000 
  0x000002812d3d8254: 492b ca89 | 4808 4833 | c989 480c | 4833 c948 | 8948 1048 | 8948 1848 | 8948 204c | 8b84 24a8 
  0x000002812d3d8274: 0000 0048 | 8bd0 4889 | 8424 c000 | 0000 0f1f 

  0x000002812d3d8284: ;   {optimized virtual_call}
  0x000002812d3d8284: 4400 00e8 

  0x000002812d3d8288: ; ImmutableOopMap {[160]=Oop [144]=Oop [184]=Oop [192]=Oop }
                      ;*invokespecial <init> {reexecute=0 rethrow=0 return_oop=0}
                      ; - jdk.internal.loader.BuiltinClassLoader::defineClass@68 (line 856)
  0x000002812d3d8288: f490 c3ff | 4c8b 8424 | c000 0000 | 488b 9424 | a000 0000 

  0x000002812d3d829c: ;   {optimized virtual_call}
  0x000002812d3d829c: 6666 90e8 

  0x000002812d3d82a0: ; ImmutableOopMap {[160]=Oop [144]=Oop [184]=Oop }
                      ;*invokevirtual getProtectionDomain {reexecute=0 rethrow=0 return_oop=0}
                      ; - java.security.SecureClassLoader::defineClass@5 (line 182)
                      ; - jdk.internal.loader.BuiltinClassLoader::defineClass@79 (line 857)
  0x000002812d3d82a0: dc90 c3ff | 4c8b 8424 | 9000 0000 | 4c8b 8c24 | b800 0000 | 488b f848 | 8b94 24a0 

  0x000002812d3d82bc: ;   {optimized virtual_call}
  0x000002812d3d82bc: 0000 00e8 

  0x000002812d3d82c0: ; ImmutableOopMap {}
                      ;*invokevirtual defineClass {reexecute=0 rethrow=0 return_oop=0}
                      ; - java.security.SecureClassLoader::defineClass@8 (line 182)
                      ; - jdk.internal.loader.BuiltinClassLoader::defineClass@79 (line 857)
  0x000002812d3d82c0: bc90 c3ff | 4881 c400 | 0100 005d 

  0x000002812d3d82cc: ;   {poll_return}
  0x000002812d3d82cc: 493b a748 | 0300 000f | 87e7 0100 | 00c3 4c8b | 8c24 9800 | 0000 498b | d148 b818 | 4e19 3781 
  0x000002812d3d82ec: ;   {virtual_call}
  0x000002812d3d82ec: 0200 00e8 

  0x000002812d3d82f0: ; ImmutableOopMap {[160]=Oop [144]=Oop [152]=Oop [168]=Oop }
                      ;*invokevirtual getBytes {reexecute=0 rethrow=0 return_oop=0}
                      ; - jdk.internal.loader.BuiltinClassLoader::defineClass@84 (line 859)
  0x000002812d3d82f0: ecb8 0100 | 4889 8424 | c800 0000 | 488b 9424 | 9800 0000 | 9048 b818 | 4e19 3781 

  0x000002812d3d830c: ;   {virtual_call}
  0x000002812d3d830c: 0200 00e8 

  0x000002812d3d8310: ; ImmutableOopMap {[160]=Oop [144]=Oop [168]=Oop [200]=Oop }
                      ;*invokevirtual getCodeSigners {reexecute=0 rethrow=0 return_oop=0}
                      ; - jdk.internal.loader.BuiltinClassLoader::defineClass@90 (line 860)
  0x000002812d3d8310: 2c61 0000 

  0x000002812d3d8314: ;   {metadata('java/security/CodeSource')}
  0x000002812d3d8314: 4c8b c848 | bab0 ee00 | 3781 0200 | 0049 8b87 | 0801 0000 | 488d 7828 | 493b bf18 | 0100 000f 
  0x000002812d3d8334: 879d 0100 | 0049 89bf | 0801 0000 | 48c7 0001 | 0000 0048 | 8bca 49ba | 0000 0037 | 8102 0000 
  0x000002812d3d8354: 492b ca89 | 4808 4833 | c989 480c | 4833 c948 | 8948 1048 | 8948 1848 | 8948 204c | 8b84 24a8 
  0x000002812d3d8374: 0000 0048 | 8bd0 4889 | 8424 d000 | 0000 0f1f 

  0x000002812d3d8384: ;   {optimized virtual_call}
  0x000002812d3d8384: 4400 00e8 

  0x000002812d3d8388: ; ImmutableOopMap {[160]=Oop [144]=Oop [200]=Oop [208]=Oop }
                      ;*invokespecial <init> {reexecute=0 rethrow=0 return_oop=0}
                      ; - jdk.internal.loader.BuiltinClassLoader::defineClass@102 (line 861)
  0x000002812d3d8388: 746b 0100 | 488b 8424 | c800 0000 

  0x000002812d3d8394: ; implicit exception: dispatches to 0x000002812d3d84e3
  0x000002812d3d8394: 8b70 0c4c | 8b84 24d0 | 0000 0048 | 8b94 24a0 | 0000 0089 | b424 d800 

  0x000002812d3d83ac: ;   {optimized virtual_call}
  0x000002812d3d83ac: 0000 90e8 

  0x000002812d3d83b0: ; ImmutableOopMap {[160]=Oop [144]=Oop [200]=Oop }
                      ;*invokevirtual getProtectionDomain {reexecute=0 rethrow=0 return_oop=0}
                      ; - java.security.SecureClassLoader::defineClass@9 (line 150)
                      ; - jdk.internal.loader.BuiltinClassLoader::defineClass@117 (line 862)
  0x000002812d3d83b0: 4c71 0100 | 4c8b 8424 | 9000 0000 | 4c8b 8c24 | c800 0000 | bf00 0000 | 008b b424 | d800 0000 
  0x000002812d3d83d0: 488b c848 | 8b94 24a0 | 0000 000f 

  0x000002812d3d83dc: ;   {optimized virtual_call}
  0x000002812d3d83dc: 1f40 00e8 

  0x000002812d3d83e0: ; ImmutableOopMap {}
                      ;*invokevirtual defineClass {reexecute=0 rethrow=0 return_oop=0}
                      ; - java.security.SecureClassLoader::defineClass@12 (line 150)
                      ; - jdk.internal.loader.BuiltinClassLoader::defineClass@117 (line 862)
  0x000002812d3d83e0: 9c7e 0100 | 4881 c400 | 0100 005d 

  0x000002812d3d83ec: ;   {poll_return}
  0x000002812d3d83ec: 493b a748 | 0300 000f | 87ef 0000 | 00c3 498b | 87d8 0300 | 004d 33d2 | 4d89 97d8 | 0300 004d 
  0x000002812d3d840c: 33d2 4d89 | 97e0 0300 | 0048 8bf0 | 488d 8424 | e000 0000 | 488b 3848 | 85ff 0f84 | 0f00 0000 
  0x000002812d3d842c: 488b 5808 | f048 0fb1 | 3b0f 85c3 | 0000 0048 | 8bc6 e9f0 

  0x000002812d3d8440: ;   {runtime_call throw_null_pointer_exception Runtime1 stub}
  0x000002812d3d8440: 0000 00e8 

  0x000002812d3d8444: ; ImmutableOopMap {[152]=Oop [160]=Oop rax=Oop [168]=Oop r8=Oop [144]=Oop }
                      ;*invokevirtual lastIndexOf {reexecute=0 rethrow=0 return_oop=0}
                      ; - jdk.internal.loader.BuiltinClassLoader::defineClass@8 (line 845)
  0x000002812d3d8444: d8a0 cdff 

  0x000002812d3d8448: ;   {runtime_call throw_null_pointer_exception Runtime1 stub}
  0x000002812d3d8448: e8d3 a0cd 

  0x000002812d3d844c: ; ImmutableOopMap {[152]=Oop [160]=Oop rax=Oop [168]=Oop r8=Oop [144]=Oop rsi=Oop }
                      ;*arraylength {reexecute=0 rethrow=0 return_oop=0}
                      ; - java.lang.String::length@4 (line 1481)
                      ; - java.lang.String::lastIndexOf@3 (line 2451)
                      ; - jdk.internal.loader.BuiltinClassLoader::defineClass@8 (line 845)
  0x000002812d3d844c: ff4c 894c | 2408 4889 

  0x000002812d3d8454: ;   {runtime_call monitorenter_nofpu Runtime1 stub}
  0x000002812d3d8454: 1424 e8a5 

  0x000002812d3d8458: ; ImmutableOopMap {[160]=Oop [168]=Oop [144]=Oop r9=Oop [152]=Oop [232]=Oop }
                      ;*synchronization entry
                      ; - jdk.internal.loader.Resource::cachedInputStream@-1 (line 76)
                      ; - jdk.internal.loader.Resource::getByteBuffer@1 (line 163)
                      ; - jdk.internal.loader.BuiltinClassLoader::defineClass@45 (line 853)
  0x000002812d3d8458: d0cd ffe9 | 38fc ffff | 418b 510c | 4883 fa00 | 0f84 64fc | ffff 4889 

  0x000002812d3d8470: ;   {runtime_call g1_pre_barrier_slow}
  0x000002812d3d8470: 1424 e889 | facd ffe9 | 56fc ffff | 4883 f800 | 0f84 67fc | ffff 4c89 

  0x000002812d3d8488: ;   {runtime_call g1_post_barrier_slow}
  0x000002812d3d8488: 0c24 e871 | fdcd ffe9 | 59fc ffff | 488d 8424 | e000 0000 | 4889 0424 

  0x000002812d3d84a0: ;   {runtime_call monitorexit_nofpu Runtime1 stub}
  0x000002812d3d84a0: e85b d6cd | ffe9 6afc | ffff 4889 

  0x000002812d3d84ac: ;   {runtime_call throw_class_cast_exception Runtime1 stub}
  0x000002812d3d84ac: 1424 e86d 

  0x000002812d3d84b0: ; ImmutableOopMap {[160]=Oop [168]=Oop [144]=Oop [152]=Oop }
                      ;*checkcast {reexecute=0 rethrow=0 return_oop=0}
                      ; - jdk.internal.loader.Resource::getByteBuffer@13 (line 165)
                      ; - jdk.internal.loader.BuiltinClassLoader::defineClass@45 (line 853)
  0x000002812d3d84b0: c4cd ff48 

  0x000002812d3d84b4: ;   {runtime_call fast_new_instance Runtime1 stub}
  0x000002812d3d84b4: 8bd2 e845 

  0x000002812d3d84b8: ; ImmutableOopMap {[160]=Oop [168]=Oop [144]=Oop [184]=Oop r9=Oop }
                      ;*new {reexecute=0 rethrow=0 return_oop=0}
                      ; - jdk.internal.loader.BuiltinClassLoader::defineClass@61 (line 856)
  0x000002812d3d84b8: a9cd ffe9 | affd ffff 

  0x000002812d3d84c0: ;   {internal_word}
  0x000002812d3d84c0: 49ba cc82 | 3d2d 8102 | 0000 4d89 | 9760 0300 

  0x000002812d3d84d0: ;   {runtime_call SafepointBlob}
  0x000002812d3d84d0: 00e9 2af5 | c3ff 488b 

  0x000002812d3d84d8: ;   {runtime_call fast_new_instance Runtime1 stub}
  0x000002812d3d84d8: d2e8 22a9 

  0x000002812d3d84dc: ; ImmutableOopMap {[160]=Oop [144]=Oop [168]=Oop [200]=Oop r9=Oop }
                      ;*new {reexecute=0 rethrow=0 return_oop=0}
                      ; - jdk.internal.loader.BuiltinClassLoader::defineClass@95 (line 861)
  0x000002812d3d84dc: cdff e98c 

  0x000002812d3d84e0: ;   {runtime_call throw_null_pointer_exception Runtime1 stub}
  0x000002812d3d84e0: feff ffe8 

  0x000002812d3d84e4: ; ImmutableOopMap {[160]=Oop [144]=Oop [208]=Oop rax=Oop [200]=Oop }
                      ;*arraylength {reexecute=0 rethrow=0 return_oop=0}
                      ; - jdk.internal.loader.BuiltinClassLoader::defineClass@114 (line 862)
  0x000002812d3d84e4: 38a0 cdff 

  0x000002812d3d84e8: ;   {internal_word}
  0x000002812d3d84e8: 49ba ec83 | 3d2d 8102 | 0000 4d89 | 9760 0300 

  0x000002812d3d84f8: ;   {runtime_call SafepointBlob}
  0x000002812d3d84f8: 00e9 02f5 | c3ff 488d | 8424 e000 | 0000 4889 

  0x000002812d3d8508: ;   {runtime_call monitorexit_nofpu Runtime1 stub}
  0x000002812d3d8508: 0424 e8f1 | d5cd ffe9 | 27ff ffff | 9090 498b | 87d8 0300 | 0049 c787 | d803 0000 | 0000 0000 
  0x000002812d3d8528: 49c7 87e0 | 0300 0000 | 0000 0048 | 81c4 0001 

  0x000002812d3d8538: ;   {runtime_call unwind_exception Runtime1 stub}
  0x000002812d3d8538: 0000 5de9 | c090 cdff 
[Stub Code]
  0x000002812d3d8540: ;   {no_reloc}
  0x000002812d3d8540: 0f1f 4400 

  0x000002812d3d8544: ;   {static_stub}
  0x000002812d3d8544: 0048 bb00 | 0000 0000 

  0x000002812d3d854c: ;   {runtime_call}
  0x000002812d3d854c: 0000 00e9 | fbff ffff 

  0x000002812d3d8554: ;   {static_stub}
  0x000002812d3d8554: 9048 bb00 | 0000 0000 

  0x000002812d3d855c: ;   {runtime_call}
  0x000002812d3d855c: 0000 00e9 | fbff ffff 

  0x000002812d3d8564: ;   {static_stub}
  0x000002812d3d8564: 9048 bb00 | 0000 0000 

  0x000002812d3d856c: ;   {runtime_call}
  0x000002812d3d856c: 0000 00e9 | fbff ffff 

  0x000002812d3d8574: ;   {static_stub}
  0x000002812d3d8574: 9048 bb00 | 0000 0000 

  0x000002812d3d857c: ;   {runtime_call}
  0x000002812d3d857c: 0000 00e9 | fbff ffff 

  0x000002812d3d8584: ;   {static_stub}
  0x000002812d3d8584: 9048 bb00 | 0000 0000 

  0x000002812d3d858c: ;   {runtime_call}
  0x000002812d3d858c: 0000 00e9 | fbff ffff 

  0x000002812d3d8594: ;   {static_stub}
  0x000002812d3d8594: 9048 bb00 | 0000 0000 

  0x000002812d3d859c: ;   {runtime_call}
  0x000002812d3d859c: 0000 00e9 | fbff ffff 

  0x000002812d3d85a4: ;   {static_stub}
  0x000002812d3d85a4: 9048 bb00 | 0000 0000 

  0x000002812d3d85ac: ;   {runtime_call}
  0x000002812d3d85ac: 0000 00e9 | fbff ffff 

  0x000002812d3d85b4: ;   {static_stub}
  0x000002812d3d85b4: 9048 bb00 | 0000 0000 

  0x000002812d3d85bc: ;   {runtime_call}
  0x000002812d3d85bc: 0000 00e9 | fbff ffff 

  0x000002812d3d85c4: ;   {static_stub}
  0x000002812d3d85c4: 9048 bb00 | 0000 0000 

  0x000002812d3d85cc: ;   {runtime_call}
  0x000002812d3d85cc: 0000 00e9 | fbff ffff 

  0x000002812d3d85d4: ;   {static_stub}
  0x000002812d3d85d4: 9048 bb00 | 0000 0000 

  0x000002812d3d85dc: ;   {runtime_call}
  0x000002812d3d85dc: 0000 00e9 | fbff ffff 

  0x000002812d3d85e4: ;   {static_stub}
  0x000002812d3d85e4: 9048 bb00 | 0000 0000 

  0x000002812d3d85ec: ;   {runtime_call}
  0x000002812d3d85ec: 0000 00e9 | fbff ffff 

  0x000002812d3d85f4: ;   {static_stub}
  0x000002812d3d85f4: 9048 bb00 | 0000 0000 

  0x000002812d3d85fc: ;   {runtime_call}
  0x000002812d3d85fc: 0000 00e9 | fbff ffff 

  0x000002812d3d8604: ;   {static_stub}
  0x000002812d3d8604: 9048 bb00 | 0000 0000 

  0x000002812d3d860c: ;   {runtime_call}
  0x000002812d3d860c: 0000 00e9 | fbff ffff 

  0x000002812d3d8614: ;   {static_stub}
  0x000002812d3d8614: 9048 bb00 | 0000 0000 

  0x000002812d3d861c: ;   {runtime_call}
  0x000002812d3d861c: 0000 00e9 | fbff ffff 

  0x000002812d3d8624: ;   {static_stub}
  0x000002812d3d8624: 9048 bb18 | 2e42 3781 

  0x000002812d3d862c: ;   {runtime_call I2C/C2I adapters}
  0x000002812d3d862c: 0200 00e9 | ad53 c3ff 

  0x000002812d3d8634: ;   {static_stub}
  0x000002812d3d8634: 9048 bbd8 | 4f43 3781 

  0x000002812d3d863c: ;   {runtime_call I2C/C2I adapters}
  0x000002812d3d863c: 0200 00e9 | 19e0 c3ff 

  0x000002812d3d8644: ;   {static_stub}
  0x000002812d3d8644: 9048 bbb8 | 0c01 3781 

  0x000002812d3d864c: ;   {runtime_call I2C/C2I adapters}
  0x000002812d3d864c: 0200 00e9 | 97f0 c2ff 
[Exception Handler]
  0x000002812d3d8654: ;   {runtime_call handle_exception_from_callee Runtime1 stub}
  0x000002812d3d8654: e8a7 bccd 

  0x000002812d3d8658: ;   {external_word}
  0x000002812d3d8658: ff48 b9a0 | e9af 1eff | 7f00 0048 

  0x000002812d3d8664: ;   {runtime_call}
  0x000002812d3d8664: 83e4 f049 | ba10 7978 | 1eff 7f00 | 0041 ffd2 

  0x000002812d3d8674: ;   {section_word}
  0x000002812d3d8674: f449 ba75 | 863d 2d81 | 0200 0041 

  0x000002812d3d8680: ;   {runtime_call DeoptimizationBlob}
  0x000002812d3d8680: 52e9 1ae6 | c3ff f4f4 
[/MachCode]


---------------  P R O C E S S  ---------------

Threads class SMR info:
_java_thread_list=0x000002817d5b6720, length=20, elements={
0x0000028125493510, 0x00000281366eb080, 0x00000281366ebf00, 0x00000281366ffc50,
0x0000028136702930, 0x0000028136704910, 0x00000281367072e0, 0x0000028136708560,
0x0000028136709370, 0x00000281366d17d0, 0x0000028136900040, 0x0000028136c4ddd0,
0x0000028136c4e670, 0x000002817c3b55b0, 0x000002817c73db40, 0x000002817c73e020,
0x000002817c9807a0, 0x000002817ca24400, 0x000002817ca21670, 0x000002817d28f390
}

Java Threads: ( => current thread )
  0x0000028125493510 JavaThread "main" [_thread_blocked, id=14192, stack(0x000000a607300000,0x000000a607400000)]
  0x00000281366eb080 JavaThread "Reference Handler" daemon [_thread_blocked, id=14316, stack(0x000000a607a00000,0x000000a607b00000)]
  0x00000281366ebf00 JavaThread "Finalizer" daemon [_thread_blocked, id=18804, stack(0x000000a607b00000,0x000000a607c00000)]
  0x00000281366ffc50 JavaThread "Signal Dispatcher" daemon [_thread_blocked, id=21740, stack(0x000000a607c00000,0x000000a607d00000)]
  0x0000028136702930 JavaThread "Attach Listener" daemon [_thread_blocked, id=22432, stack(0x000000a607d00000,0x000000a607e00000)]
  0x0000028136704910 JavaThread "Service Thread" daemon [_thread_blocked, id=28316, stack(0x000000a607e00000,0x000000a607f00000)]
  0x00000281367072e0 JavaThread "Monitor Deflation Thread" daemon [_thread_blocked, id=20092, stack(0x000000a607f00000,0x000000a608000000)]
  0x0000028136708560 JavaThread "C1 CompilerThread0" daemon [_thread_blocked, id=21876, stack(0x000000a608000000,0x000000a608100000)]
  0x0000028136709370 JavaThread "Sweeper thread" daemon [_thread_blocked, id=23536, stack(0x000000a608100000,0x000000a608200000)]
  0x00000281366d17d0 JavaThread "Common-Cleaner" daemon [_thread_blocked, id=28080, stack(0x000000a608200000,0x000000a608300000)]
  0x0000028136900040 JavaThread "C1 CompilerThread1" daemon [_thread_blocked, id=18668, stack(0x000000a608300000,0x000000a608400000)]
  0x0000028136c4ddd0 JavaThread "Monitor Ctrl-Break" daemon [_thread_in_native, id=28616, stack(0x000000a608500000,0x000000a608600000)]
  0x0000028136c4e670 JavaThread "Notification Thread" daemon [_thread_blocked, id=27644, stack(0x000000a608600000,0x000000a608700000)]
  0x000002817c3b55b0 JavaThread "RMI TCP Accept-0" daemon [_thread_in_native, id=4808, stack(0x000000a608700000,0x000000a608800000)]
  0x000002817c73db40 JavaThread "Thread-0" [_thread_blocked, id=25816, stack(0x000000a609000000,0x000000a609100000)]
=>0x000002817c73e020 JavaThread "restartedMain" [_thread_in_vm, id=19496, stack(0x000000a609100000,0x000000a609200000)]
  0x000002817c9807a0 JavaThread "RMI TCP Connection(1)-192.168.75.1" daemon [_thread_in_native, id=19352, stack(0x000000a609200000,0x000000a609300000)]
  0x000002817ca24400 JavaThread "RMI Scheduler(0)" daemon [_thread_blocked, id=10760, stack(0x000000a609300000,0x000000a609400000)]
  0x000002817ca21670 JavaThread "spring.cloud.inetutils" daemon [_thread_in_native, id=16120, stack(0x000000a609400000,0x000000a609500000)]
  0x000002817d28f390 JavaThread "C1 CompilerThread2" daemon [_thread_blocked, id=24316, stack(0x000000a609600000,0x000000a609700000)]

Other Threads:
  0x00000281366e55b0 VMThread "VM Thread" [stack: 0x000000a607900000,0x000000a607a00000] [id=16340]
  0x00000281254943b0 WatcherThread [stack: 0x000000a608800000,0x000000a608900000] [id=24472]
  0x00000281254dcba0 GCTaskThread "GC Thread#0" [stack: 0x000000a607400000,0x000000a607500000] [id=28604]
  0x000002817c65e020 GCTaskThread "GC Thread#1" [stack: 0x000000a608900000,0x000000a608a00000] [id=13192]
  0x000002817c6e9770 GCTaskThread "GC Thread#2" [stack: 0x000000a608a00000,0x000000a608b00000] [id=9608]
  0x000002817c6e9a30 GCTaskThread "GC Thread#3" [stack: 0x000000a608b00000,0x000000a608c00000] [id=29340]
  0x000002817c6ea300 GCTaskThread "GC Thread#4" [stack: 0x000000a608c00000,0x000000a608d00000] [id=17320]
  0x000002817c6eb690 GCTaskThread "GC Thread#5" [stack: 0x000000a608d00000,0x000000a608e00000] [id=27172]
  0x000002817c6ea610 GCTaskThread "GC Thread#6" [stack: 0x000000a608e00000,0x000000a608f00000] [id=21140]
  0x000002817c6eab90 GCTaskThread "GC Thread#7" [stack: 0x000000a608f00000,0x000000a609000000] [id=28376]
  0x000002817c6ebed0 GCTaskThread "GC Thread#8" [stack: 0x000000a608400000,0x000000a608500000] [id=29464]
  0x000002817c6eae50 GCTaskThread "GC Thread#9" [stack: 0x000000a609500000,0x000000a609600000] [id=27672]
  0x00000281254e9630 ConcurrentGCThread "G1 Main Marker" [stack: 0x000000a607500000,0x000000a607600000] [id=26084]
  0x00000281254ea050 ConcurrentGCThread "G1 Conc#0" [stack: 0x000000a607600000,0x000000a607700000] [id=13868]
  0x000002817c6eb950 ConcurrentGCThread "G1 Conc#1" [stack: 0x000000a609700000,0x000000a609800000] [id=11880]
  0x000002817c6ea8d0 ConcurrentGCThread "G1 Conc#2" [stack: 0x000000a609800000,0x000000a609900000] [id=20140]
  0x000002813659e4f0 ConcurrentGCThread "G1 Refine#0" [stack: 0x000000a607700000,0x000000a607800000] [id=17768]
  0x000002813659ed30 ConcurrentGCThread "G1 Service" [stack: 0x000000a607800000,0x000000a607900000] [id=14988]

Threads with active compile tasks:

VM state: not at safepoint (normal execution)

VM Mutex/Monitor currently owned by a thread:  ([mutex/lock_event])
[0x000002812321d2b0] Metaspace_lock - owner thread: 0x000002817c73e020

Heap address: 0x00000000a2600000, size: 1498 MB, Compressed Oops mode: 32-bit

CDS archive(s) mapped at: [0x0000028137000000-0x0000028137bb0000-0x0000028137bb0000), size 12255232, SharedBaseAddress: 0x0000028137000000, ArchiveRelocationMode: 1.
Compressed class space mapped at: 0x0000028138000000-0x0000028178000000, reserved size: 1073741824
Narrow klass base: 0x0000028137000000, Narrow klass shift: 0, Narrow klass range: 0x100000000

GC Precious Log:
 CPUs: 12 total, 12 available
 Memory: 5989M
 Large Page Support: Disabled
 NUMA Support: Disabled
 Compressed Oops: Enabled (32-bit)
 Heap Region Size: 1M
 Heap Min Capacity: 8M
 Heap Initial Capacity: 94M
 Heap Max Capacity: 1498M
 Pre-touch: Disabled
 Parallel Workers: 10
 Concurrent Workers: 3
 Concurrent Refinement Workers: 10
 Periodic GC: Disabled

Heap:
 garbage-first heap   total 78848K, used 32090K [0x00000000a2600000, 0x0000000100000000)
  region size 1024K, 9 young (9216K), 5 survivors (5120K)
 Metaspace       used 35417K, committed 35904K, reserved 1114112K
  class space    used 5127K, committed 5376K, reserved 1048576K

Heap Regions: E=young(eden), S=young(survivor), O=old, HS=humongous(starts), HC=humongous(continues), CS=collection set, F=free, OA=open archive, CA=closed archive, TAMS=top-at-mark-start (previous, next)
|   0|0x00000000a2600000, 0x00000000a2700000, 0x00000000a2700000|100%|HS|  |TAMS 0x00000000a2700000, 0x00000000a2600000| Complete 
|   1|0x00000000a2700000, 0x00000000a2800000, 0x00000000a2800000|100%| O|  |TAMS 0x00000000a2800000, 0x00000000a2700000| Untracked 
|   2|0x00000000a2800000, 0x00000000a2900000, 0x00000000a2900000|100%|HS|  |TAMS 0x00000000a2900000, 0x00000000a2800000| Complete 
|   3|0x00000000a2900000, 0x00000000a2a00000, 0x00000000a2a00000|100%|HS|  |TAMS 0x00000000a2a00000, 0x00000000a2900000| Complete 
|   4|0x00000000a2a00000, 0x00000000a2b00000, 0x00000000a2b00000|100%| O|  |TAMS 0x00000000a2b00000, 0x00000000a2a00000| Untracked 
|   5|0x00000000a2b00000, 0x00000000a2c00000, 0x00000000a2c00000|100%| O|  |TAMS 0x00000000a2c00000, 0x00000000a2b00000| Untracked 
|   6|0x00000000a2c00000, 0x00000000a2d00000, 0x00000000a2d00000|100%| O|  |TAMS 0x00000000a2d00000, 0x00000000a2c00000| Untracked 
|   7|0x00000000a2d00000, 0x00000000a2e00000, 0x00000000a2e00000|100%| O|  |TAMS 0x00000000a2e00000, 0x00000000a2d00000| Untracked 
|   8|0x00000000a2e00000, 0x00000000a2f00000, 0x00000000a2f00000|100%| O|  |TAMS 0x00000000a2f00000, 0x00000000a2e00000| Untracked 
|   9|0x00000000a2f00000, 0x00000000a3000000, 0x00000000a3000000|100%| O|  |TAMS 0x00000000a3000000, 0x00000000a2f00000| Untracked 
|  10|0x00000000a3000000, 0x00000000a3100000, 0x00000000a3100000|100%| O|  |TAMS 0x00000000a3000000, 0x00000000a3000000| Untracked 
|  11|0x00000000a3100000, 0x00000000a3200000, 0x00000000a3200000|100%| O|  |TAMS 0x00000000a3100000, 0x00000000a3100000| Untracked 
|  12|0x00000000a3200000, 0x00000000a3300000, 0x00000000a3300000|100%| O|  |TAMS 0x00000000a3200000, 0x00000000a3200000| Untracked 
|  13|0x00000000a3300000, 0x00000000a3400000, 0x00000000a3400000|100%| O|  |TAMS 0x00000000a3400000, 0x00000000a3300000| Untracked 
|  14|0x00000000a3400000, 0x00000000a3500000, 0x00000000a3500000|100%| O|  |TAMS 0x00000000a3500000, 0x00000000a3400000| Untracked 
|  15|0x00000000a3500000, 0x00000000a3600000, 0x00000000a3600000|100%| O|  |TAMS 0x00000000a3600000, 0x00000000a3500000| Untracked 
|  16|0x00000000a3600000, 0x00000000a3700000, 0x00000000a3700000|100%| O|  |TAMS 0x00000000a3700000, 0x00000000a3600000| Untracked 
|  17|0x00000000a3700000, 0x00000000a3800000, 0x00000000a3800000|100%| O|  |TAMS 0x00000000a3800000, 0x00000000a3700000| Untracked 
|  18|0x00000000a3800000, 0x00000000a3900000, 0x00000000a3900000|100%| O|  |TAMS 0x00000000a3856e00, 0x00000000a3800000| Untracked 
|  19|0x00000000a3900000, 0x00000000a3967a00, 0x00000000a3a00000| 40%| O|  |TAMS 0x00000000a3900000, 0x00000000a3900000| Untracked 
|  20|0x00000000a3a00000, 0x00000000a3b00000, 0x00000000a3b00000|100%| O|  |TAMS 0x00000000a3a00000, 0x00000000a3a00000| Untracked 
|  21|0x00000000a3b00000, 0x00000000a3c00000, 0x00000000a3c00000|100%| O|  |TAMS 0x00000000a3b00000, 0x00000000a3b00000| Untracked 
|  22|0x00000000a3c00000, 0x00000000a3d00000, 0x00000000a3d00000|100%| O|  |TAMS 0x00000000a3c00000, 0x00000000a3c00000| Untracked 
|  23|0x00000000a3d00000, 0x00000000a3e00000, 0x00000000a3e00000|100%| O|  |TAMS 0x00000000a3d00000, 0x00000000a3d00000| Untracked 
|  24|0x00000000a3e00000, 0x00000000a3ed6400, 0x00000000a3f00000| 83%| O|  |TAMS 0x00000000a3e00000, 0x00000000a3e00000| Untracked 
|  25|0x00000000a3f00000, 0x00000000a3f00000, 0x00000000a4000000|  0%| F|  |TAMS 0x00000000a3f00000, 0x00000000a3f00000| Untracked 
|  26|0x00000000a4000000, 0x00000000a4000000, 0x00000000a4100000|  0%| F|  |TAMS 0x00000000a4000000, 0x00000000a4000000| Untracked 
|  27|0x00000000a4100000, 0x00000000a4100000, 0x00000000a4200000|  0%| F|  |TAMS 0x00000000a4100000, 0x00000000a4100000| Untracked 
|  28|0x00000000a4200000, 0x00000000a4200000, 0x00000000a4300000|  0%| F|  |TAMS 0x00000000a4200000, 0x00000000a4200000| Untracked 
|  29|0x00000000a4300000, 0x00000000a4300000, 0x00000000a4400000|  0%| F|  |TAMS 0x00000000a4300000, 0x00000000a4300000| Untracked 
|  30|0x00000000a4400000, 0x00000000a4400000, 0x00000000a4500000|  0%| F|  |TAMS 0x00000000a4400000, 0x00000000a4400000| Untracked 
|  31|0x00000000a4500000, 0x00000000a4500000, 0x00000000a4600000|  0%| F|  |TAMS 0x00000000a4500000, 0x00000000a4500000| Untracked 
|  32|0x00000000a4600000, 0x00000000a4600000, 0x00000000a4700000|  0%| F|  |TAMS 0x00000000a4600000, 0x00000000a4600000| Untracked 
|  33|0x00000000a4700000, 0x00000000a4700000, 0x00000000a4800000|  0%| F|  |TAMS 0x00000000a4700000, 0x00000000a4700000| Untracked 
|  34|0x00000000a4800000, 0x00000000a4800000, 0x00000000a4900000|  0%| F|  |TAMS 0x00000000a4800000, 0x00000000a4800000| Untracked 
|  35|0x00000000a4900000, 0x00000000a4900000, 0x00000000a4a00000|  0%| F|  |TAMS 0x00000000a4900000, 0x00000000a4900000| Untracked 
|  36|0x00000000a4a00000, 0x00000000a4a00000, 0x00000000a4b00000|  0%| F|  |TAMS 0x00000000a4a00000, 0x00000000a4a00000| Untracked 
|  37|0x00000000a4b00000, 0x00000000a4b00000, 0x00000000a4c00000|  0%| F|  |TAMS 0x00000000a4b00000, 0x00000000a4b00000| Untracked 
|  38|0x00000000a4c00000, 0x00000000a4c18bf8, 0x00000000a4d00000|  9%| S|CS|TAMS 0x00000000a4c00000, 0x00000000a4c00000| Complete 
|  39|0x00000000a4d00000, 0x00000000a4e00000, 0x00000000a4e00000|100%| S|CS|TAMS 0x00000000a4d00000, 0x00000000a4d00000| Complete 
|  40|0x00000000a4e00000, 0x00000000a4f00000, 0x00000000a4f00000|100%| S|CS|TAMS 0x00000000a4e00000, 0x00000000a4e00000| Complete 
|  41|0x00000000a4f00000, 0x00000000a4f00000, 0x00000000a5000000|  0%| F|  |TAMS 0x00000000a4f00000, 0x00000000a4f00000| Untracked 
|  42|0x00000000a5000000, 0x00000000a5000000, 0x00000000a5100000|  0%| F|  |TAMS 0x00000000a5000000, 0x00000000a5000000| Untracked 
|  43|0x00000000a5100000, 0x00000000a5100000, 0x00000000a5200000|  0%| F|  |TAMS 0x00000000a5100000, 0x00000000a5100000| Untracked 
|  44|0x00000000a5200000, 0x00000000a5200000, 0x00000000a5300000|  0%| F|  |TAMS 0x00000000a5200000, 0x00000000a5200000| Untracked 
|  45|0x00000000a5300000, 0x00000000a5400000, 0x00000000a5400000|100%| S|CS|TAMS 0x00000000a5300000, 0x00000000a5300000| Complete 
|  46|0x00000000a5400000, 0x00000000a5500000, 0x00000000a5500000|100%| S|CS|TAMS 0x00000000a5400000, 0x00000000a5400000| Complete 
|  47|0x00000000a5500000, 0x00000000a5500000, 0x00000000a5600000|  0%| F|  |TAMS 0x00000000a5500000, 0x00000000a5500000| Untracked 
|  48|0x00000000a5600000, 0x00000000a5600000, 0x00000000a5700000|  0%| F|  |TAMS 0x00000000a5600000, 0x00000000a5600000| Untracked 
|  49|0x00000000a5700000, 0x00000000a5700000, 0x00000000a5800000|  0%| F|  |TAMS 0x00000000a5700000, 0x00000000a5700000| Untracked 
|  50|0x00000000a5800000, 0x00000000a5800000, 0x00000000a5900000|  0%| F|  |TAMS 0x00000000a5800000, 0x00000000a5800000| Untracked 
|  51|0x00000000a5900000, 0x00000000a5900000, 0x00000000a5a00000|  0%| F|  |TAMS 0x00000000a5900000, 0x00000000a5900000| Untracked 
|  52|0x00000000a5a00000, 0x00000000a5a00000, 0x00000000a5b00000|  0%| F|  |TAMS 0x00000000a5a00000, 0x00000000a5a00000| Untracked 
|  53|0x00000000a5b00000, 0x00000000a5b00000, 0x00000000a5c00000|  0%| F|  |TAMS 0x00000000a5b00000, 0x00000000a5b00000| Untracked 
|  54|0x00000000a5c00000, 0x00000000a5c00000, 0x00000000a5d00000|  0%| F|  |TAMS 0x00000000a5c00000, 0x00000000a5c00000| Untracked 
|  55|0x00000000a5d00000, 0x00000000a5d00000, 0x00000000a5e00000|  0%| F|  |TAMS 0x00000000a5d00000, 0x00000000a5d00000| Untracked 
|  56|0x00000000a5e00000, 0x00000000a5e00000, 0x00000000a5f00000|  0%| F|  |TAMS 0x00000000a5e00000, 0x00000000a5e00000| Untracked 
|  57|0x00000000a5f00000, 0x00000000a5f00000, 0x00000000a6000000|  0%| F|  |TAMS 0x00000000a5f00000, 0x00000000a5f00000| Untracked 
|  58|0x00000000a6000000, 0x00000000a6000000, 0x00000000a6100000|  0%| F|  |TAMS 0x00000000a6000000, 0x00000000a6000000| Untracked 
|  59|0x00000000a6100000, 0x00000000a6100000, 0x00000000a6200000|  0%| F|  |TAMS 0x00000000a6100000, 0x00000000a6100000| Untracked 
|  60|0x00000000a6200000, 0x00000000a6200000, 0x00000000a6300000|  0%| F|  |TAMS 0x00000000a6200000, 0x00000000a6200000| Untracked 
|  61|0x00000000a6300000, 0x00000000a6300000, 0x00000000a6400000|  0%| F|  |TAMS 0x00000000a6300000, 0x00000000a6300000| Untracked 
|  62|0x00000000a6400000, 0x00000000a6400000, 0x00000000a6500000|  0%| F|  |TAMS 0x00000000a6400000, 0x00000000a6400000| Untracked 
|  63|0x00000000a6500000, 0x00000000a6500000, 0x00000000a6600000|  0%| F|  |TAMS 0x00000000a6500000, 0x00000000a6500000| Untracked 
|  64|0x00000000a6600000, 0x00000000a6600000, 0x00000000a6700000|  0%| F|  |TAMS 0x00000000a6600000, 0x00000000a6600000| Untracked 
|  65|0x00000000a6700000, 0x00000000a6700000, 0x00000000a6800000|  0%| F|  |TAMS 0x00000000a6700000, 0x00000000a6700000| Untracked 
|  66|0x00000000a6800000, 0x00000000a6800000, 0x00000000a6900000|  0%| F|  |TAMS 0x00000000a6800000, 0x00000000a6800000| Untracked 
|  67|0x00000000a6900000, 0x00000000a6900000, 0x00000000a6a00000|  0%| F|  |TAMS 0x00000000a6900000, 0x00000000a6900000| Untracked 
|  68|0x00000000a6a00000, 0x00000000a6a00000, 0x00000000a6b00000|  0%| F|  |TAMS 0x00000000a6a00000, 0x00000000a6a00000| Untracked 
|  69|0x00000000a6b00000, 0x00000000a6b00000, 0x00000000a6c00000|  0%| F|  |TAMS 0x00000000a6b00000, 0x00000000a6b00000| Untracked 
|  70|0x00000000a6c00000, 0x00000000a6c00000, 0x00000000a6d00000|  0%| F|  |TAMS 0x00000000a6c00000, 0x00000000a6c00000| Untracked 
|  71|0x00000000a6d00000, 0x00000000a6d00000, 0x00000000a6e00000|  0%| F|  |TAMS 0x00000000a6d00000, 0x00000000a6d00000| Untracked 
|  85|0x00000000a7b00000, 0x00000000a7b00000, 0x00000000a7c00000|  0%| F|  |TAMS 0x00000000a7b00000, 0x00000000a7b00000| Untracked 
|  86|0x00000000a7c00000, 0x00000000a7d00000, 0x00000000a7d00000|100%| E|  |TAMS 0x00000000a7c00000, 0x00000000a7c00000| Complete 
|  87|0x00000000a7d00000, 0x00000000a7e00000, 0x00000000a7e00000|100%| E|CS|TAMS 0x00000000a7d00000, 0x00000000a7d00000| Complete 
|  88|0x00000000a7e00000, 0x00000000a7f00000, 0x00000000a7f00000|100%| E|CS|TAMS 0x00000000a7e00000, 0x00000000a7e00000| Complete 
|  93|0x00000000a8300000, 0x00000000a8400000, 0x00000000a8400000|100%| E|CS|TAMS 0x00000000a8300000, 0x00000000a8300000| Complete 

Card table byte_map: [0x00000281305e0000,0x00000281308d0000] _byte_map_base: 0x00000281300cd000

Marking Bits (Prev, Next): (CMBitMap*) 0x00000281254dd200, (CMBitMap*) 0x00000281254dd1c0
 Prev Bits: [0x0000028132330000, 0x0000028133a98000)
 Next Bits: [0x0000028130bc0000, 0x0000028132328000)

Polling page: 0x0000028123310000

Metaspace:

Usage:
  Non-class:     29.58 MB used.
      Class:      5.01 MB used.
       Both:     34.59 MB used.

Virtual space:
  Non-class space:       64.00 MB reserved,      29.81 MB ( 47%) committed,  1 nodes.
      Class space:        1.00 GB reserved,       5.25 MB ( <1%) committed,  1 nodes.
             Both:        1.06 GB reserved,      35.06 MB (  3%) committed. 

Chunk freelists:
   Non-Class:  2.11 MB
       Class:  10.78 MB
        Both:  12.89 MB

MaxMetaspaceSize: unlimited
CompressedClassSpaceSize: 1.00 GB
Initial GC threshold: 21.00 MB
Current GC threshold: 35.25 MB
CDS: on
MetaspaceReclaimPolicy: balanced
 - commit_granule_bytes: 65536.
 - commit_granule_words: 8192.
 - virtual_space_node_default_size: 8388608.
 - enlarge_chunks_in_place: 1.
 - new_chunks_are_fully_committed: 0.
 - uncommit_free_chunks: 1.
 - use_allocation_guard: 0.
 - handle_deallocations: 1.


Internal statistics:

num_allocs_failed_limit: 3.
num_arena_births: 612.
num_arena_deaths: 0.
num_vsnodes_births: 2.
num_vsnodes_deaths: 0.
num_space_committed: 561.
num_space_uncommitted: 0.
num_chunks_returned_to_freelist: 3.
num_chunks_taken_from_freelist: 1892.
num_chunk_merges: 3.
num_chunk_splits: 1286.
num_chunks_enlarged: 924.
num_inconsistent_stats: 0.

CodeCache: size=49152Kb used=9242Kb max_used=9242Kb free=39909Kb
 bounds [0x000002812cfc0000, 0x000002812d8d0000, 0x000002812ffc0000]
 total_blobs=4994 nmethods=4456 adapters=463
 compilation: enabled
              stopped_count=0, restarted_count=0
 full_count=0

Compilation events (20 events):
Event: 7.279 Thread 0x000002817d28f390 4448       1       java.nio.charset.CharsetDecoder::averageCharsPerByte (5 bytes)
Event: 7.279 Thread 0x0000028136900040 nmethod 4438 0x000002812d8c3190 code [0x000002812d8c33c0, 0x000002812d8c39e8]
Event: 7.279 Thread 0x0000028136708560 nmethod 4447 0x000002812d8c3d10 code [0x000002812d8c3ec0, 0x000002812d8c4058]
Event: 7.279 Thread 0x000002817d28f390 nmethod 4448 0x000002812d8c4190 code [0x000002812d8c4320, 0x000002812d8c43f8]
Event: 7.280 Thread 0x000002817d28f390 4449       1       java.nio.DirectByteBuffer::base (2 bytes)
Event: 7.280 Thread 0x000002817d28f390 nmethod 4449 0x000002812d8c4490 code [0x000002812d8c4620, 0x000002812d8c46f8]
Event: 7.281 Thread 0x000002817d28f390 4450       1       java.nio.MappedByteBuffer::position (6 bytes)
Event: 7.281 Thread 0x000002817d28f390 nmethod 4450 0x000002812d8c4790 code [0x000002812d8c4920, 0x000002812d8c4a08]
Event: 7.302 Thread 0x0000028136708560 4451       1       sun.net.util.IPAddressUtil::scan (62 bytes)
Event: 7.302 Thread 0x0000028136900040 4452       1       org.apache.commons.logging.LogAdapter$Slf4jLog::isDebugEnabled (10 bytes)
Event: 7.303 Thread 0x0000028136708560 nmethod 4451 0x000002812d8c4a90 code [0x000002812d8c4c60, 0x000002812d8c4f88]
Event: 7.303 Thread 0x0000028136900040 nmethod 4452 0x000002812d8c5290 code [0x000002812d8c5440, 0x000002812d8c5568]
Event: 7.320 Thread 0x000002817d28f390 4454       1       java.util.BitSet::set (58 bytes)
Event: 7.320 Thread 0x0000028136900040 4453       1       java.util.BitSet::expandTo (23 bytes)
Event: 7.320 Thread 0x0000028136900040 nmethod 4453 0x000002812d8c5690 code [0x000002812d8c5820, 0x000002812d8c5928]
Event: 7.321 Thread 0x000002817d28f390 nmethod 4454 0x000002812d8c5990 code [0x000002812d8c5ba0, 0x000002812d8c6038]
Event: 7.327 Thread 0x000002817d28f390 4455       1       java.util.logging.LogManager$LoggerContext::getGlobalLogger (6 bytes)
Event: 7.327 Thread 0x000002817d28f390 nmethod 4455 0x000002812d8c6290 code [0x000002812d8c6420, 0x000002812d8c64f8]
Event: 7.328 Thread 0x0000028136708560 4456       1       java.util.ResourceBundle$CacheKey::getLocale (5 bytes)
Event: 7.328 Thread 0x0000028136708560 nmethod 4456 0x000002812d8c6590 code [0x000002812d8c6720, 0x000002812d8c67f8]

GC Heap History (18 events):
Event: 1.138 GC heap before
{Heap before GC invocations=0 (full 0):
 garbage-first heap   total 96256K, used 27648K [0x00000000a2600000, 0x0000000100000000)
  region size 1024K, 23 young (23552K), 0 survivors (0K)
 Metaspace       used 5901K, committed 6080K, reserved 1114112K
  class space    used 735K, committed 832K, reserved 1048576K
}
Event: 1.150 GC heap after
{Heap after GC invocations=1 (full 0):
 garbage-first heap   total 96256K, used 12184K [0x00000000a2600000, 0x0000000100000000)
  region size 1024K, 3 young (3072K), 3 survivors (3072K)
 Metaspace       used 5901K, committed 6080K, reserved 1114112K
  class space    used 735K, committed 832K, reserved 1048576K
}
Event: 1.520 GC heap before
{Heap before GC invocations=1 (full 0):
 garbage-first heap   total 96256K, used 37784K [0x00000000a2600000, 0x0000000100000000)
  region size 1024K, 25 young (25600K), 3 survivors (3072K)
 Metaspace       used 8278K, committed 8448K, reserved 1114112K
  class space    used 1024K, committed 1088K, reserved 1048576K
}
Event: 1.534 GC heap after
{Heap after GC invocations=2 (full 0):
 garbage-first heap   total 96256K, used 19456K [0x00000000a2600000, 0x0000000100000000)
  region size 1024K, 4 young (4096K), 4 survivors (4096K)
 Metaspace       used 8278K, committed 8448K, reserved 1114112K
  class space    used 1024K, committed 1088K, reserved 1048576K
}
Event: 3.659 GC heap before
{Heap before GC invocations=2 (full 0):
 garbage-first heap   total 96256K, used 47104K [0x00000000a2600000, 0x0000000100000000)
  region size 1024K, 32 young (32768K), 4 survivors (4096K)
 Metaspace       used 13107K, committed 13440K, reserved 1114112K
  class space    used 1762K, committed 1920K, reserved 1048576K
}
Event: 3.663 GC heap after
{Heap after GC invocations=3 (full 0):
 garbage-first heap   total 96256K, used 20158K [0x00000000a2600000, 0x0000000100000000)
  region size 1024K, 3 young (3072K), 3 survivors (3072K)
 Metaspace       used 13107K, committed 13440K, reserved 1114112K
  class space    used 1762K, committed 1920K, reserved 1048576K
}
Event: 4.281 GC heap before
{Heap before GC invocations=3 (full 0):
 garbage-first heap   total 96256K, used 64190K [0x00000000a2600000, 0x0000000100000000)
  region size 1024K, 47 young (48128K), 3 survivors (3072K)
 Metaspace       used 20623K, committed 20992K, reserved 1114112K
  class space    used 2887K, committed 3072K, reserved 1048576K
}
Event: 4.287 GC heap after
{Heap after GC invocations=4 (full 0):
 garbage-first heap   total 96256K, used 22352K [0x00000000a2600000, 0x0000000100000000)
  region size 1024K, 5 young (5120K), 5 survivors (5120K)
 Metaspace       used 20623K, committed 20992K, reserved 1114112K
  class space    used 2887K, committed 3072K, reserved 1048576K
}
Event: 4.326 GC heap before
{Heap before GC invocations=4 (full 0):
 garbage-first heap   total 96256K, used 25424K [0x00000000a2600000, 0x0000000100000000)
  region size 1024K, 10 young (10240K), 5 survivors (5120K)
 Metaspace       used 21119K, committed 21504K, reserved 1114112K
  class space    used 2934K, committed 3136K, reserved 1048576K
}
Event: 4.331 GC heap after
{Heap after GC invocations=5 (full 0):
 garbage-first heap   total 96256K, used 23229K [0x00000000a2600000, 0x0000000100000000)
  region size 1024K, 4 young (4096K), 4 survivors (4096K)
 Metaspace       used 21119K, committed 21504K, reserved 1114112K
  class space    used 2934K, committed 3136K, reserved 1048576K
}
Event: 4.952 GC heap before
{Heap before GC invocations=6 (full 0):
 garbage-first heap   total 78848K, used 62141K [0x00000000a2600000, 0x0000000100000000)
  region size 1024K, 44 young (45056K), 4 survivors (4096K)
 Metaspace       used 25627K, committed 26048K, reserved 1114112K
  class space    used 3560K, committed 3712K, reserved 1048576K
}
Event: 4.957 GC heap after
{Heap after GC invocations=7 (full 0):
 garbage-first heap   total 78848K, used 24015K [0x00000000a2600000, 0x0000000100000000)
  region size 1024K, 6 young (6144K), 6 survivors (6144K)
 Metaspace       used 25627K, committed 26048K, reserved 1114112K
  class space    used 3560K, committed 3712K, reserved 1048576K
}
Event: 5.540 GC heap before
{Heap before GC invocations=7 (full 0):
 garbage-first heap   total 78848K, used 52687K [0x00000000a2600000, 0x0000000100000000)
  region size 1024K, 35 young (35840K), 6 survivors (6144K)
 Metaspace       used 27980K, committed 28416K, reserved 1114112K
  class space    used 3909K, committed 4096K, reserved 1048576K
}
Event: 5.545 GC heap after
{Heap after GC invocations=8 (full 0):
 garbage-first heap   total 78848K, used 25262K [0x00000000a2600000, 0x0000000100000000)
  region size 1024K, 2 young (2048K), 2 survivors (2048K)
 Metaspace       used 27980K, committed 28416K, reserved 1114112K
  class space    used 3909K, committed 4096K, reserved 1048576K
}
Event: 6.493 GC heap before
{Heap before GC invocations=8 (full 0):
 garbage-first heap   total 78848K, used 55982K [0x00000000a2600000, 0x0000000100000000)
  region size 1024K, 32 young (32768K), 2 survivors (2048K)
 Metaspace       used 31248K, committed 31680K, reserved 1114112K
  class space    used 4502K, committed 4672K, reserved 1048576K
}
Event: 6.496 GC heap after
{Heap after GC invocations=9 (full 0):
 garbage-first heap   total 78848K, used 26542K [0x00000000a2600000, 0x0000000100000000)
  region size 1024K, 4 young (4096K), 4 survivors (4096K)
 Metaspace       used 31248K, committed 31680K, reserved 1114112K
  class space    used 4502K, committed 4672K, reserved 1048576K
}
Event: 7.242 GC heap before
{Heap before GC invocations=9 (full 0):
 garbage-first heap   total 78848K, used 57262K [0x00000000a2600000, 0x0000000100000000)
  region size 1024K, 34 young (34816K), 4 survivors (4096K)
 Metaspace       used 34657K, committed 35200K, reserved 1114112K
  class space    used 5056K, committed 5312K, reserved 1048576K
}
Event: 7.247 GC heap after
{Heap after GC invocations=10 (full 0):
 garbage-first heap   total 78848K, used 29018K [0x00000000a2600000, 0x0000000100000000)
  region size 1024K, 5 young (5120K), 5 survivors (5120K)
 Metaspace       used 34657K, committed 35200K, reserved 1114112K
  class space    used 5056K, committed 5312K, reserved 1048576K
}

Dll operation events (12 events):
Event: 0.012 Loaded shared library C:\Users\admin\.jdks\temurin-17.0.16\bin\java.dll
Event: 0.030 Loaded shared library C:\Users\admin\.jdks\temurin-17.0.16\bin\jsvml.dll
Event: 0.203 Loaded shared library C:\Users\admin\.jdks\temurin-17.0.16\bin\zip.dll
Event: 0.207 Loaded shared library C:\Users\admin\.jdks\temurin-17.0.16\bin\instrument.dll
Event: 0.215 Loaded shared library C:\Users\admin\.jdks\temurin-17.0.16\bin\net.dll
Event: 0.217 Loaded shared library C:\Users\admin\.jdks\temurin-17.0.16\bin\nio.dll
Event: 0.223 Loaded shared library C:\Users\admin\.jdks\temurin-17.0.16\bin\zip.dll
Event: 0.448 Loaded shared library C:\Users\admin\.jdks\temurin-17.0.16\bin\jimage.dll
Event: 0.456 Loaded shared library C:\Users\admin\.jdks\temurin-17.0.16\bin\extnet.dll
Event: 0.474 Loaded shared library C:\Users\admin\.jdks\temurin-17.0.16\bin\management.dll
Event: 0.494 Loaded shared library C:\Users\admin\.jdks\temurin-17.0.16\bin\management_ext.dll
Event: 4.556 Loaded shared library C:\Users\admin\.jdks\temurin-17.0.16\bin\sunmscapi.dll

Deoptimization events (0 events):
No events

Classes loaded (20 events):
Event: 7.233 Loading class java/io/InterruptedIOException done
Event: 7.233 Loading class java/net/SocketTimeoutException done
Event: 7.236 Loading class java/beans/PropertyChangeSupport
Event: 7.236 Loading class java/beans/PropertyChangeSupport done
Event: 7.236 Loading class java/beans/PropertyChangeSupport$PropertyChangeListenerMap
Event: 7.236 Loading class java/beans/ChangeListenerMap
Event: 7.237 Loading class java/beans/ChangeListenerMap done
Event: 7.237 Loading class java/beans/PropertyChangeSupport$PropertyChangeListenerMap done
Event: 7.237 Loading class java/beans/PropertyChangeListener
Event: 7.237 Loading class java/beans/PropertyChangeListener done
Event: 7.261 Loading class java/beans/PropertyChangeEvent
Event: 7.261 Loading class java/beans/PropertyChangeEvent done
Event: 7.275 Loading class java/nio/charset/UnsupportedCharsetException
Event: 7.275 Loading class java/nio/charset/UnsupportedCharsetException done
Event: 7.277 Loading class java/nio/BufferUnderflowException
Event: 7.278 Loading class java/nio/BufferUnderflowException done
Event: 7.292 Loading class java/io/FileReader
Event: 7.293 Loading class java/io/FileReader done
Event: 7.328 Loading class java/lang/instrument/IllegalClassFormatException
Event: 7.329 Loading class java/lang/instrument/IllegalClassFormatException done

Classes unloaded (0 events):
No events

Classes redefined (0 events):
No events

Internal exceptions (20 events):
Event: 6.519 Thread 0x000002817c73e020 Exception <a 'java/lang/NoSuchMethodError'{0x00000000a7e257a0}: 'java.lang.Object java.lang.invoke.DirectMethodHandle$Holder.invokeSpecial(java.lang.Object, java.lang.Object, java.lang.Object, java.lang.Object, java.lang.Object, java.lang.Object, java.lang.Object, java.lang.Object, java.lang.Object, java.lang.Object, java.lang.Object, java.lang.Object, java.lang.Object, java.lang.Object, java.lang.Object)'> (0x00000000a7e257a0) 
thrown [s\src\hotspot\share\interpreter\linkResolver.cpp, line 759]
Event: 6.520 Thread 0x000002817c73e020 Exception <a 'java/lang/NoSuchMethodError'{0x00000000a7e31470}: 'int java.lang.invoke.DirectMethodHandle$Holder.invokeSpecial(java.lang.Object, java.lang.Object, int)'> (0x00000000a7e31470) 
thrown [s\src\hotspot\share\interpreter\linkResolver.cpp, line 759]
Event: 6.553 Thread 0x000002817c73e020 Exception <a 'java/lang/NoClassDefFoundError'{0x00000000a7ddd818}: org/flywaydb/core/Flyway> (0x00000000a7ddd818) 
thrown [s\src\hotspot\share\classfile\systemDictionary.cpp, line 245]
Event: 6.553 Thread 0x000002817c73e020 Exception <a 'java/lang/NoClassDefFoundError'{0x00000000a7de0700}: liquibase/integration/spring/SpringLiquibase> (0x00000000a7de0700) 
thrown [s\src\hotspot\share\classfile\systemDictionary.cpp, line 245]
Event: 6.564 Thread 0x000002817c73e020 Exception <a 'java/lang/NoClassDefFoundError'{0x00000000a7c5fe58}: org/jooq/DSLContext> (0x00000000a7c5fe58) 
thrown [s\src\hotspot\share\classfile\systemDictionary.cpp, line 245]
Event: 6.613 Thread 0x000002817c73e020 Exception <a 'java/lang/NoClassDefFoundError'{0x00000000a6c49ba0}: org/springframework/batch/core/repository/JobRepository> (0x00000000a6c49ba0) 
thrown [s\src\hotspot\share\classfile\systemDictionary.cpp, line 245]
Event: 6.613 Thread 0x000002817c73e020 Exception <a 'java/lang/NoClassDefFoundError'{0x00000000a6c4c6f0}: org/quartz/Scheduler> (0x00000000a6c4c6f0) 
thrown [s\src\hotspot\share\classfile\systemDictionary.cpp, line 245]
Event: 6.614 Thread 0x000002817c73e020 Exception <a 'java/lang/NoClassDefFoundError'{0x00000000a6c4f928}: org/springframework/session/jdbc/JdbcIndexedSessionRepository> (0x00000000a6c4f928) 
thrown [s\src\hotspot\share\classfile\systemDictionary.cpp, line 245]
Event: 6.716 Thread 0x000002817c73e020 Exception <a 'java/lang/IncompatibleClassChangeError'{0x00000000a682c0a0}: Found class java.lang.Object, but interface was expected> (0x00000000a682c0a0) 
thrown [s\src\hotspot\share\interpreter\linkResolver.cpp, line 826]
Event: 6.767 Thread 0x000002817c9807a0 Exception <a 'java/lang/reflect/InvocationTargetException'{0x00000000a6786450}> (0x00000000a6786450) 
thrown [s\src\hotspot\share\runtime\reflection.cpp, line 1128]
Event: 7.033 Thread 0x000002817c73e020 Exception <a 'java/lang/NoSuchMethodError'{0x00000000a5d07b58}: 'void java.lang.invoke.DirectMethodHandle$Holder.invokeSpecial(java.lang.Object, java.lang.Object, java.lang.Object, java.lang.Object, java.lang.Object, java.lang.Object, java.lang.Object)'> (0x00000000a5d07b58) 
thrown [s\src\hotspot\share\interpreter\linkResolver.cpp, line 759]
Event: 7.058 Thread 0x000002817c73e020 Exception <a 'java/lang/NoSuchMethodError'{0x00000000a5c116d8}: 'void java.lang.invoke.DirectMethodHandle$Holder.invokeInterface(java.lang.Object, java.lang.Object, int)'> (0x00000000a5c116d8) 
thrown [s\src\hotspot\share\interpreter\linkResolver.cpp, line 759]
Event: 7.062 Thread 0x000002817c73e020 Exception <a 'java/lang/IncompatibleClassChangeError'{0x00000000a5c61280}: Found class java.lang.Object, but interface was expected> (0x00000000a5c61280) 
thrown [s\src\hotspot\share\interpreter\linkResolver.cpp, line 826]
Event: 7.064 Thread 0x000002817c73e020 Exception <a 'java/lang/NoSuchMethodError'{0x00000000a5c847a8}: 'void java.lang.invoke.DirectMethodHandle$Holder.invokeStatic(java.lang.Object, int, java.lang.Object)'> (0x00000000a5c847a8) 
thrown [s\src\hotspot\share\interpreter\linkResolver.cpp, line 759]
Event: 7.070 Thread 0x000002817c73e020 Exception <a 'java/lang/NoSuchMethodError'{0x00000000a5cc5668}: 'void java.lang.invoke.DirectMethodHandle$Holder.invokeVirtual(java.lang.Object, java.lang.Object, int)'> (0x00000000a5cc5668) 
thrown [s\src\hotspot\share\interpreter\linkResolver.cpp, line 759]
Event: 7.071 Thread 0x000002817c73e020 Exception <a 'java/lang/NoSuchMethodError'{0x00000000a5ccb8a0}: 'void java.lang.invoke.DirectMethodHandle$Holder.invokeStatic(java.lang.Object, java.lang.Object, java.lang.Object, int, java.lang.Object)'> (0x00000000a5ccb8a0) 
thrown [s\src\hotspot\share\interpreter\linkResolver.cpp, line 759]
Event: 7.072 Thread 0x000002817c73e020 Exception <a 'java/lang/NoSuchMethodError'{0x00000000a5cd2da8}: 'java.lang.Object java.lang.invoke.DirectMethodHandle$Holder.newInvokeSpecial(java.lang.Object, java.lang.Object, java.lang.Object, int)'> (0x00000000a5cd2da8) 
thrown [s\src\hotspot\share\interpreter\linkResolver.cpp, line 759]
Event: 7.072 Thread 0x000002817c73e020 Exception <a 'java/lang/NoSuchMethodError'{0x00000000a5cd7090}: 'java.lang.Object java.lang.invoke.DirectMethodHandle$Holder.invokeSpecial(java.lang.Object, java.lang.Object, java.lang.Object, java.lang.Object, int)'> (0x00000000a5cd7090) 
thrown [s\src\hotspot\share\interpreter\linkResolver.cpp, line 759]
Event: 7.072 Thread 0x000002817c73e020 Exception <a 'java/lang/NoSuchMethodError'{0x00000000a5cdac58}: 'java.lang.Object java.lang.invoke.Invokers$Holder.linkToTargetMethod(java.lang.Object, java.lang.Object, int, java.lang.Object)'> (0x00000000a5cdac58) 
thrown [s\src\hotspot\share\interpreter\linkResolver.cpp, line 759]
Event: 7.282 Thread 0x000002817c9807a0 Exception <a 'java/lang/reflect/InvocationTargetException'{0x00000000a7ea7050}> (0x00000000a7ea7050) 
thrown [s\src\hotspot\share\runtime\reflection.cpp, line 1128]

VM Operations (20 events):
Event: 5.523 Executing VM operation: HandshakeAllThreads
Event: 5.523 Executing VM operation: HandshakeAllThreads done
Event: 5.540 Executing VM operation: G1CollectForAllocation
Event: 5.545 Executing VM operation: G1CollectForAllocation done
Event: 5.708 Executing VM operation: HandshakeAllThreads
Event: 5.708 Executing VM operation: HandshakeAllThreads done
Event: 5.821 Executing VM operation: HandshakeAllThreads
Event: 5.821 Executing VM operation: HandshakeAllThreads done
Event: 5.971 Executing VM operation: HandshakeAllThreads
Event: 5.971 Executing VM operation: HandshakeAllThreads done
Event: 6.448 Executing VM operation: HandshakeAllThreads
Event: 6.448 Executing VM operation: HandshakeAllThreads done
Event: 6.453 Executing VM operation: HandshakeAllThreads
Event: 6.453 Executing VM operation: HandshakeAllThreads done
Event: 6.493 Executing VM operation: G1CollectForAllocation
Event: 6.496 Executing VM operation: G1CollectForAllocation done
Event: 6.686 Executing VM operation: HandshakeAllThreads
Event: 6.686 Executing VM operation: HandshakeAllThreads done
Event: 7.241 Executing VM operation: G1CollectForAllocation
Event: 7.247 Executing VM operation: G1CollectForAllocation done

Memory protections (0 events):
No events

Nmethod flushes (0 events):
No events

Events (20 events):
Event: 2.672 Thread 0x000002817c9807a0 Thread added: 0x000002817ca21b80
Event: 2.679 Thread 0x000002817ca21b80 Thread exited: 0x000002817ca21b80
Event: 3.181 Thread 0x000002817c9807a0 Thread added: 0x000002817ca21160
Event: 3.182 Thread 0x00000281369008b0 Thread exited: 0x00000281369008b0
Event: 3.189 Thread 0x000002817ca21160 Thread exited: 0x000002817ca21160
Event: 3.691 Thread 0x000002817c9807a0 Thread added: 0x000002817ca225a0
Event: 3.695 Thread 0x000002817ca225a0 Thread exited: 0x000002817ca225a0
Event: 3.777 Thread 0x000002817c73e020 Thread added: 0x000002817ca21b80
Event: 4.402 Thread 0x000002817c73e020 Thread added: 0x000002817ca239e0
Event: 4.501 Thread 0x000002817ca239e0 Thread exited: 0x000002817ca239e0
Event: 4.562 Thread 0x000002817ca21b80 Thread exited: 0x000002817ca21b80
Event: 5.371 Thread 0x0000028136708560 Thread added: 0x000002817d28f390
Event: 5.726 Thread 0x000002817c9807a0 Thread added: 0x000002817ca22ab0
Event: 5.747 Thread 0x000002817ca22ab0 Thread exited: 0x000002817ca22ab0
Event: 6.251 Thread 0x000002817c9807a0 Thread added: 0x000002817ca234d0
Event: 6.256 Thread 0x000002817ca234d0 Thread exited: 0x000002817ca234d0
Event: 6.759 Thread 0x000002817c9807a0 Thread added: 0x000002817ca239e0
Event: 6.769 Thread 0x000002817ca239e0 Thread exited: 0x000002817ca239e0
Event: 7.272 Thread 0x000002817c9807a0 Thread added: 0x000002817ca22ab0
Event: 7.287 Thread 0x000002817ca22ab0 Thread exited: 0x000002817ca22ab0


Dynamic libraries:
0x00007ff7d0c40000 - 0x00007ff7d0c4e000 	C:\Users\admin\.jdks\temurin-17.0.16\bin\java.exe
0x00007fff8b0f0000 - 0x00007fff8b307000 	C:\WINDOWS\SYSTEM32\ntdll.dll
0x00007fff8a6e0000 - 0x00007fff8a7a4000 	C:\WINDOWS\System32\KERNEL32.DLL
0x00007fff885b0000 - 0x00007fff88969000 	C:\WINDOWS\System32\KERNELBASE.dll
0x00007fff88420000 - 0x00007fff88531000 	C:\WINDOWS\System32\ucrtbase.dll
0x00007fff81d00000 - 0x00007fff81d17000 	C:\Users\admin\.jdks\temurin-17.0.16\bin\jli.dll
0x00007fff75970000 - 0x00007fff7598e000 	C:\Users\admin\.jdks\temurin-17.0.16\bin\VCRUNTIME140.dll
0x00007fff89bc0000 - 0x00007fff89d6f000 	C:\WINDOWS\System32\USER32.dll
0x00007fff74960000 - 0x00007fff74bf2000 	C:\WINDOWS\WinSxS\amd64_microsoft.windows.common-controls_6595b64144ccf1df_6.0.22621.4387_none_27144a857381bf05\COMCTL32.dll
0x00007fff883f0000 - 0x00007fff88416000 	C:\WINDOWS\System32\win32u.dll
0x00007fff8ac20000 - 0x00007fff8acc7000 	C:\WINDOWS\System32\msvcrt.dll
0x00007fff89910000 - 0x00007fff89939000 	C:\WINDOWS\System32\GDI32.dll
0x00007fff88b80000 - 0x00007fff88c9b000 	C:\WINDOWS\System32\gdi32full.dll
0x00007fff88ae0000 - 0x00007fff88b7a000 	C:\WINDOWS\System32\msvcp_win.dll
0x00007fff8acd0000 - 0x00007fff8ad01000 	C:\WINDOWS\System32\IMM32.DLL
0x00007fff6b320000 - 0x00007fff6b412000 	C:\Program Files\Windhawk\Engine\1.6.1\64\windhawk.dll
0x00007fff88e10000 - 0x00007fff88ec2000 	C:\WINDOWS\System32\ADVAPI32.dll
0x00007fff8ab70000 - 0x00007fff8ac17000 	C:\WINDOWS\System32\sechost.dll
0x00007fff889f0000 - 0x00007fff88a18000 	C:\WINDOWS\System32\bcrypt.dll
0x00007fff89280000 - 0x00007fff89394000 	C:\WINDOWS\System32\RPCRT4.dll
0x00007fff831d0000 - 0x00007fff831dc000 	C:\Users\admin\.jdks\temurin-17.0.16\bin\vcruntime140_1.dll
0x00007fff56c70000 - 0x00007fff56cfd000 	C:\Users\admin\.jdks\temurin-17.0.16\bin\msvcp140.dll
0x00007fff1e1d0000 - 0x00007fff1ee3b000 	C:\Users\admin\.jdks\temurin-17.0.16\bin\server\jvm.dll
0x00007fff89d70000 - 0x00007fff89de1000 	C:\WINDOWS\System32\WS2_32.dll
0x00007fff882c0000 - 0x00007fff8830d000 	C:\WINDOWS\SYSTEM32\POWRPROF.dll
0x00007fff7fcf0000 - 0x00007fff7fcfa000 	C:\WINDOWS\SYSTEM32\VERSION.dll
0x00007fff85ce0000 - 0x00007fff85d14000 	C:\WINDOWS\SYSTEM32\WINMM.dll
0x00007fff881f0000 - 0x00007fff88203000 	C:\WINDOWS\SYSTEM32\UMPDC.dll
0x00007fff87430000 - 0x00007fff87448000 	C:\WINDOWS\SYSTEM32\kernel.appcore.dll
0x00007fff70b10000 - 0x00007fff70b1a000 	C:\Users\admin\.jdks\temurin-17.0.16\bin\jimage.dll
0x00007fff85a60000 - 0x00007fff85c92000 	C:\WINDOWS\SYSTEM32\DBGHELP.DLL
0x00007fff8a7e0000 - 0x00007fff8ab6f000 	C:\WINDOWS\System32\combase.dll
0x00007fff88f30000 - 0x00007fff89007000 	C:\WINDOWS\System32\OLEAUT32.dll
0x00007fff85ca0000 - 0x00007fff85cd2000 	C:\WINDOWS\SYSTEM32\dbgcore.DLL
0x00007fff88970000 - 0x00007fff889eb000 	C:\WINDOWS\System32\bcryptPrimitives.dll
0x00007fff84d10000 - 0x00007fff84d1e000 	C:\Users\admin\.jdks\temurin-17.0.16\bin\instrument.dll
0x00007fff6b440000 - 0x00007fff6b465000 	C:\Users\admin\.jdks\temurin-17.0.16\bin\java.dll
0x00007fff495e0000 - 0x00007fff496b7000 	C:\Users\admin\.jdks\temurin-17.0.16\bin\jsvml.dll
0x00007fff89e60000 - 0x00007fff8a6d6000 	C:\WINDOWS\System32\SHELL32.dll
0x00007fff86320000 - 0x00007fff86c23000 	C:\WINDOWS\SYSTEM32\windows.storage.dll
0x00007fff861e0000 - 0x00007fff8631f000 	C:\WINDOWS\SYSTEM32\wintypes.dll
0x00007fff89a40000 - 0x00007fff89b39000 	C:\WINDOWS\System32\SHCORE.dll
0x00007fff89820000 - 0x00007fff8987e000 	C:\WINDOWS\System32\shlwapi.dll
0x00007fff88320000 - 0x00007fff8834b000 	C:\WINDOWS\SYSTEM32\profapi.dll
0x00007fff57e90000 - 0x00007fff57ea8000 	C:\Users\admin\.jdks\temurin-17.0.16\bin\zip.dll
0x00007fff6af80000 - 0x00007fff6af99000 	C:\Users\admin\.jdks\temurin-17.0.16\bin\net.dll
0x00007fff83f30000 - 0x00007fff84066000 	C:\WINDOWS\SYSTEM32\WINHTTP.dll
0x00007fff878b0000 - 0x00007fff87919000 	C:\WINDOWS\system32\mswsock.dll
0x00007fff6af60000 - 0x00007fff6af76000 	C:\Users\admin\.jdks\temurin-17.0.16\bin\nio.dll
0x00007fff66820000 - 0x00007fff66829000 	C:\Users\admin\.jdks\temurin-17.0.16\bin\extnet.dll
0x00007fff86f00000 - 0x00007fff87002000 	C:\WINDOWS\SYSTEM32\DNSAPI.dll
0x00007fff86e90000 - 0x00007fff86ebd000 	C:\WINDOWS\SYSTEM32\IPHLPAPI.DLL
0x00007fff89df0000 - 0x00007fff89df9000 	C:\WINDOWS\System32\NSI.dll
0x00007fff80400000 - 0x00007fff8040a000 	C:\Windows\System32\rasadhlp.dll
0x00007fff81e10000 - 0x00007fff81e93000 	C:\WINDOWS\System32\fwpuclnt.dll
0x00007fff83210000 - 0x00007fff8321a000 	C:\Users\admin\.jdks\temurin-17.0.16\bin\management.dll
0x00007fff83180000 - 0x00007fff8318b000 	C:\Users\admin\.jdks\temurin-17.0.16\bin\management_ext.dll
0x00007fff89010000 - 0x00007fff89018000 	C:\WINDOWS\System32\PSAPI.DLL
0x00007fff87b00000 - 0x00007fff87b1b000 	C:\WINDOWS\SYSTEM32\CRYPTSP.dll
0x00007fff87390000 - 0x00007fff873c5000 	C:\WINDOWS\system32\rsaenh.dll
0x00007fff879a0000 - 0x00007fff879c8000 	C:\WINDOWS\SYSTEM32\USERENV.dll
0x00007fff87b20000 - 0x00007fff87b2c000 	C:\WINDOWS\SYSTEM32\CRYPTBASE.dll
0x00007fff84420000 - 0x00007fff84439000 	C:\WINDOWS\SYSTEM32\dhcpcsvc6.DLL
0x00007fff83e20000 - 0x00007fff83e3f000 	C:\WINDOWS\SYSTEM32\dhcpcsvc.DLL
0x00007fff79970000 - 0x00007fff79987000 	C:\WINDOWS\system32\napinsp.dll
0x00007fff66540000 - 0x00007fff6655b000 	C:\WINDOWS\system32\pnrpnsp.dll
0x00007fff65b90000 - 0x00007fff65ba1000 	C:\WINDOWS\System32\winrnr.dll
0x00007fff65b70000 - 0x00007fff65b85000 	C:\WINDOWS\system32\wshbth.dll
0x00007fff65ae0000 - 0x00007fff65b07000 	C:\WINDOWS\system32\nlansp_c.dll
0x00007fff69390000 - 0x00007fff6939e000 	C:\Users\admin\.jdks\temurin-17.0.16\bin\sunmscapi.dll
0x00007fff88ca0000 - 0x00007fff88e06000 	C:\WINDOWS\System32\CRYPT32.dll
0x00007fff87ca0000 - 0x00007fff87ccd000 	C:\WINDOWS\SYSTEM32\ncrypt.dll
0x00007fff87c60000 - 0x00007fff87c97000 	C:\WINDOWS\SYSTEM32\NTASN1.dll

dbghelp: loaded successfully - version: 4.0.5 - missing functions: none
symbol engine: initialized successfully - sym options: 0x614 - pdb path: .;C:\Users\admin\.jdks\temurin-17.0.16\bin;C:\WINDOWS\SYSTEM32;C:\WINDOWS\WinSxS\amd64_microsoft.windows.common-controls_6595b64144ccf1df_6.0.22621.4387_none_27144a857381bf05;C:\Program Files\Windhawk\Engine\1.6.1\64;C:\Users\admin\.jdks\temurin-17.0.16\bin\server

VM Arguments:
jvm_args: -XX:TieredStopAtLevel=1 -Dspring.output.ansi.enabled=always -Dcom.sun.management.jmxremote -Dspring.jmx.enabled=true -Dspring.liveBeansView.mbeanDomain -Dspring.application.admin.enabled=true -Dmanagement.endpoints.jmx.exposure.include=* -javaagent:F:\Program Files\JetBrains\IntelliJ IDEA 2025.2\lib\idea_rt.jar=64077 -Dfile.encoding=UTF-8 
java_command: com.theblood.identityservice.IdentityServiceApplication
java_class_path (initial): F:\Document\TASC\Backend\springfood-microservice\identity-service\target\classes;F:\Document\TASC\Backend\springfood-microservice\common\target\classes;C:\Users\admin\.m2\repository\io\jsonwebtoken\jjwt-api\0.11.5\jjwt-api-0.11.5.jar;C:\Users\admin\.m2\repository\io\jsonwebtoken\jjwt-impl\0.11.5\jjwt-impl-0.11.5.jar;C:\Users\admin\.m2\repository\io\jsonwebtoken\jjwt-jackson\0.11.5\jjwt-jackson-0.11.5.jar;C:\Users\admin\.m2\repository\com\fasterxml\jackson\core\jackson-databind\2.19.2\jackson-databind-2.19.2.jar;C:\Users\admin\.m2\repository\org\springframework\security\spring-security-crypto\6.5.5\spring-security-crypto-6.5.5.jar;C:\Users\admin\.m2\repository\org\mongodb\bson\5.5.1\bson-5.5.1.jar;C:\Users\admin\.m2\repository\jakarta\validation\jakarta.validation-api\3.0.2\jakarta.validation-api-3.0.2.jar;C:\Users\admin\.m2\repository\org\springframework\boot\spring-boot-starter-web\3.5.6\spring-boot-starter-web-3.5.6.jar;C:\Users\admin\.m2\repository\org\springframework\boot\spring-boot-starter\3.5.6\spring-boot-starter-3.5.6.jar;C:\Users\admin\.m2\repository\org\springframework\boot\spring-boot-starter-logging\3.5.6\spring-boot-starter-logging-3.5.6.jar;C:\Users\admin\.m2\repository\ch\qos\logback\logback-classic\1.5.18\logback-classic-1.5.18.jar;C:\Users\admin\.m2\repository\ch\qos\logback\logback-core\1.5.18\logback-core-1.5.18.jar;C:\Users\admin\.m2\repository\org\apache\logging\log4j\log4j-to-slf4j\2.24.3\log4j-to-slf4j-2.24.3.jar;C:\Users\admin\.m2\repository\org\apache\logging\log4j\log4j-api\2.24.3\log4j-api-2.24.3.jar;C:\Users\admin\.m2\repository\org\slf4j\jul-to-slf4j\2.0.17\jul-to-slf4j-2.0.17.jar;C:\Users\admin\.m2\repository\jakarta\annotation\jakarta.annotation-api\2.1.1\jakarta.annotation-api-2.1.1.jar;C:\Users\admin\.m2\repository\org\yaml\snakeyaml\2.4\snakeyaml-2.4.jar;C:\Users\admin\.m2\repository\org\springframework\boot\spring-boot-starter-json\3.5.6\spring-boot-starter-json-3.5.6.jar;C:\Users\admin\.m2\repository\
Launcher Type: SUN_STANDARD

[Global flags]
     intx CICompilerCount                          = 4                                         {product} {ergonomic}
     uint ConcGCThreads                            = 3                                         {product} {ergonomic}
     uint G1ConcRefinementThreads                  = 10                                        {product} {ergonomic}
   size_t G1HeapRegionSize                         = 1048576                                   {product} {ergonomic}
    uintx GCDrainStackTargetSize                   = 64                                        {product} {ergonomic}
   size_t InitialHeapSize                          = 98566144                                  {product} {ergonomic}
     bool ManagementServer                         = true                                      {product} {command line}
   size_t MarkStackSize                            = 4194304                                   {product} {ergonomic}
   size_t MaxHeapSize                              = 1570766848                                {product} {ergonomic}
   size_t MaxNewSize                               = 941621248                                 {product} {ergonomic}
   size_t MinHeapDeltaBytes                        = 1048576                                   {product} {ergonomic}
   size_t MinHeapSize                              = 8388608                                   {product} {ergonomic}
    uintx NonProfiledCodeHeapSize                  = 0                                      {pd product} {ergonomic}
     bool ProfileInterpreter                       = false                                  {pd product} {command line}
    uintx ProfiledCodeHeapSize                     = 0                                      {pd product} {ergonomic}
   size_t SoftMaxHeapSize                          = 1570766848                             {manageable} {ergonomic}
     intx TieredStopAtLevel                        = 1                                         {product} {command line}
     bool UseCompressedClassPointers               = true                           {product lp64_product} {ergonomic}
     bool UseCompressedOops                        = true                           {product lp64_product} {ergonomic}
     bool UseG1GC                                  = true                                      {product} {ergonomic}
     bool UseLargePagesIndividualAllocation        = false                                  {pd product} {ergonomic}

Logging:
Log output configuration:
 #0: stdout all=warning uptime,level,tags
 #1: stderr all=off uptime,level,tags

Environment Variables:
JAVA_HOME=C:\Program Files\Java\jdk-23
PATH=C:\Python312\Scripts\;C:\Python312\;C:\Program Files (x86)\VMware\VMware Workstation\bin\;C:\Program Files\Common Files\Oracle\Java\javapath;C:\Program Files (x86)\Common Files\Oracle\Java\javapath;C:\WINDOWS\system32;C:\WINDOWS;C:\WINDOWS\System32\Wbem;C:\WINDOWS\System32\WindowsPowerShell\v1.0\;C:\WINDOWS\System32\OpenSSH\;C:\Program Files\dotnet\;C:\MinGW\bin;C:\Program Files (x86)\Rational\ClearQuest;C:\Program Files (x86)\Rational\Rose\TopLink\;C:\Program Files\nodejs\;C:\ProgramData\chocolatey\bin;D:\Program Files\common;C:\Program Files\Java\apache-maven-3.9.9\bin;C:\Program Files\Java\apache-maven-3.9.9;C:\Users\admin\AppData\Roaming\Python\Python312\Scripts;C:\Program Files\TortoiseGit\bin;C:\Program Files\Git\cmd;f:\Users\admin\AppData\Local\Programs\cursor\resources\app\bin;C:\Program Files\Docker\Docker\resources\bin;C:\Program Files\PowerShell\7\;C:\Users\admin\scoop\shims;C:\Users\admin\AppData\Local\Programs\oh-my-posh\bin\;C:\Users\admin\anaconda3;C:\Users\admin\anaconda3\Library\mingw-w64\bin;C:\Users\admin\anaconda3\Library\usr\bin;C:\Users\admin\anaconda3\Library\bin;C:\Users\admin\anaconda3\Scripts;C:\Program Files\MySQL\MySQL Shell 8.0\bin\;C:\Users\admin\AppData\Local\Microsoft\WindowsApps;C:\msys64\mingw64\bin;C:\Users\admin\AppData\Local\Programs\Microsoft VS Code\bin;C:\Program Files\Azure Data Studio\bin;C:\Users\admin\AppData\Roaming\npm;C:\ffmpeg;F:\Program Files\JetBrains\IntelliJ IDEA Community Edition 2025.2\bin;F:\flutter_windows_3.24.5-stable\flutter\bin;C:\Users\admin\AppData\Roaming\Python\Python312\Scripts;C:\Program Files (x86)\BrowserStackLocal\;F:\Program Files\JetBrains\PyCharm Community Edition 2024.3.4\bin;;C:\Program Files\Java\jdk-23\bin;D:\BigData\hadoop-3.4.1\hadoop-3.4.1\bin;D:\BigData\hadoop-3.4.1\hadoop-3.4.1\sbin;F:\Users\admin\AppData\Local\JetBrains\GoLand 2025.1.4\bin;;F:\Program Files\JetBrains\IntelliJ IDEA 2025.2\bin;F:\Exercism
USERNAME=admin
OS=Windows_NT
PROCESSOR_IDENTIFIER=AMD64 Family 23 Model 104 Stepping 1, AuthenticAMD
TMP=C:\Users\admin\AppData\Local\Temp
TEMP=C:\Users\admin\AppData\Local\Temp



Periodic native trim disabled


---------------  S Y S T E M  ---------------

OS:
 Windows 11 , 64 bit Build 22621 (10.0.22621.4387)
OS uptime: 9 days 9:48 hours
Hyper-V role detected

CPU: total 12 (initial active 12) (12 cores per cpu, 2 threads per core) family 23 model 104 stepping 1 microcode 0x0, cx8, cmov, fxsr, ht, mmx, 3dnowpref, sse, sse2, sse3, ssse3, sse4a, sse4.1, sse4.2, popcnt, lzcnt, tsc, tscinvbit, avx, avx2, aes, clmul, bmi1, bmi2, adx, sha, fma, vzeroupper, clflush, clflushopt, hv
Processor Information for all 12 processors :
  Max Mhz: 2100, Current Mhz: 2100, Mhz Limit: 2100

Memory: 4k page, system-wide physical 5989M (333M free)
TotalPageFile size 24421M (AvailPageFile size 0M)
current process WorkingSet (physical memory assigned to process): 174M, peak: 174M
current process commit charge ("private bytes"): 224M, peak: 224M

vm_info: OpenJDK 64-Bit Server VM (17.0.16+8) for windows-amd64 JRE (17.0.16+8), built on Jul 16 2025 10:37:56 by "admin" with MS VC++ 17.7 (VS2022)

END.
